Archive member included to satisfy reference by file (symbol)

lib/sbusdriver/libsbus.a(sbus.c.obj)
                              CMakeFiles/Picoflight.dir/src/main.c.obj (SBUS_getChannel)
/usr/bin/../lib/gcc/arm-none-eabi/9.3.1/thumb/v6-m/nofp/libgcc.a(_dvmd_tls.o)
                              CMakeFiles/Picoflight.dir/usr/share/pico-sdk/src/rp2_common/pico_divider/divider.S.obj (__aeabi_idiv0)
/usr/bin/../lib/gcc/arm-none-eabi/9.3.1/../../../../arm-none-eabi/lib/thumb/v6-m/nofp/libc.a(lib_a-calloc.o)
                              CMakeFiles/Picoflight.dir/usr/share/pico-sdk/src/rp2_common/pico_malloc/pico_malloc.c.obj (calloc)
/usr/bin/../lib/gcc/arm-none-eabi/9.3.1/../../../../arm-none-eabi/lib/thumb/v6-m/nofp/libc.a(lib_a-callocr.o)
                              /usr/bin/../lib/gcc/arm-none-eabi/9.3.1/../../../../arm-none-eabi/lib/thumb/v6-m/nofp/libc.a(lib_a-calloc.o) (_calloc_r)
/usr/bin/../lib/gcc/arm-none-eabi/9.3.1/../../../../arm-none-eabi/lib/thumb/v6-m/nofp/libc.a(lib_a-impure.o)
                              /usr/bin/../lib/gcc/arm-none-eabi/9.3.1/../../../../arm-none-eabi/lib/thumb/v6-m/nofp/libc.a(lib_a-calloc.o) (_impure_ptr)
/usr/bin/../lib/gcc/arm-none-eabi/9.3.1/../../../../arm-none-eabi/lib/thumb/v6-m/nofp/libc.a(lib_a-init.o)
                              /usr/bin/../lib/gcc/arm-none-eabi/9.3.1/../../../../arm-none-eabi/lib/thumb/v6-m/nofp/crt0.o (__libc_init_array)
/usr/bin/../lib/gcc/arm-none-eabi/9.3.1/../../../../arm-none-eabi/lib/thumb/v6-m/nofp/libc.a(lib_a-malloc.o)
                              CMakeFiles/Picoflight.dir/usr/share/pico-sdk/src/rp2_common/pico_malloc/pico_malloc.c.obj (malloc)
/usr/bin/../lib/gcc/arm-none-eabi/9.3.1/../../../../arm-none-eabi/lib/thumb/v6-m/nofp/libc.a(lib_a-mallocr.o)
                              /usr/bin/../lib/gcc/arm-none-eabi/9.3.1/../../../../arm-none-eabi/lib/thumb/v6-m/nofp/libc.a(lib_a-callocr.o) (_malloc_r)
/usr/bin/../lib/gcc/arm-none-eabi/9.3.1/../../../../arm-none-eabi/lib/thumb/v6-m/nofp/libc.a(lib_a-mlock.o)
                              /usr/bin/../lib/gcc/arm-none-eabi/9.3.1/../../../../arm-none-eabi/lib/thumb/v6-m/nofp/libc.a(lib_a-mallocr.o) (__malloc_lock)
/usr/bin/../lib/gcc/arm-none-eabi/9.3.1/../../../../arm-none-eabi/lib/thumb/v6-m/nofp/libc.a(lib_a-sbrkr.o)
                              /usr/bin/../lib/gcc/arm-none-eabi/9.3.1/../../../../arm-none-eabi/lib/thumb/v6-m/nofp/libc.a(lib_a-mallocr.o) (_sbrk_r)
/usr/bin/../lib/gcc/arm-none-eabi/9.3.1/../../../../arm-none-eabi/lib/thumb/v6-m/nofp/libc.a(lib_a-strlen-stub.o)
                              CMakeFiles/Picoflight.dir/usr/share/pico-sdk/src/rp2_common/pico_stdio/stdio.c.obj (strlen)
/usr/bin/../lib/gcc/arm-none-eabi/9.3.1/../../../../arm-none-eabi/lib/thumb/v6-m/nofp/libc.a(lib_a-freer.o)
                              /usr/bin/../lib/gcc/arm-none-eabi/9.3.1/../../../../arm-none-eabi/lib/thumb/v6-m/nofp/libc.a(lib_a-malloc.o) (_free_r)
/usr/bin/../lib/gcc/arm-none-eabi/9.3.1/../../../../arm-none-eabi/lib/thumb/v6-m/nofp/libc.a(lib_a-lock.o)
                              /usr/bin/../lib/gcc/arm-none-eabi/9.3.1/../../../../arm-none-eabi/lib/thumb/v6-m/nofp/libc.a(lib_a-mlock.o) (__retarget_lock_acquire_recursive)
/usr/bin/../lib/gcc/arm-none-eabi/9.3.1/../../../../arm-none-eabi/lib/thumb/v6-m/nofp/libc.a(lib_a-reent.o)
                              /usr/bin/../lib/gcc/arm-none-eabi/9.3.1/../../../../arm-none-eabi/lib/thumb/v6-m/nofp/libc.a(lib_a-sbrkr.o) (errno)

Allocating common symbols
Common symbol       size              file

__lock___atexit_recursive_mutex
                    0x1               /usr/bin/../lib/gcc/arm-none-eabi/9.3.1/../../../../arm-none-eabi/lib/thumb/v6-m/nofp/libc.a(lib_a-lock.o)
sf_table            0x100             CMakeFiles/Picoflight.dir/usr/share/pico-sdk/src/rp2_common/pico_float/float_init_rom.c.obj
__lock___arc4random_mutex
                    0x1               /usr/bin/../lib/gcc/arm-none-eabi/9.3.1/../../../../arm-none-eabi/lib/thumb/v6-m/nofp/libc.a(lib_a-lock.o)
errno               0x4               /usr/bin/../lib/gcc/arm-none-eabi/9.3.1/../../../../arm-none-eabi/lib/thumb/v6-m/nofp/libc.a(lib_a-reent.o)
__lock___env_recursive_mutex
                    0x1               /usr/bin/../lib/gcc/arm-none-eabi/9.3.1/../../../../arm-none-eabi/lib/thumb/v6-m/nofp/libc.a(lib_a-lock.o)
__lock___sinit_recursive_mutex
                    0x1               /usr/bin/../lib/gcc/arm-none-eabi/9.3.1/../../../../arm-none-eabi/lib/thumb/v6-m/nofp/libc.a(lib_a-lock.o)
_usbd_qdef_buf      0xc0              CMakeFiles/Picoflight.dir/usr/share/pico-sdk/lib/tinyusb/src/device/usbd.c.obj
__lock___malloc_recursive_mutex
                    0x1               /usr/bin/../lib/gcc/arm-none-eabi/9.3.1/../../../../arm-none-eabi/lib/thumb/v6-m/nofp/libc.a(lib_a-lock.o)
__lock___at_quick_exit_mutex
                    0x1               /usr/bin/../lib/gcc/arm-none-eabi/9.3.1/../../../../arm-none-eabi/lib/thumb/v6-m/nofp/libc.a(lib_a-lock.o)
[...]
Memory Configuration

Name             Origin             Length             Attributes
FLASH            0x0000000010000000 0x0000000000200000 xr
RAM              0x0000000020000000 0x0000000000040000 xrw
SCRATCH_X        0x0000000020040000 0x0000000000001000 xrw
SCRATCH_Y        0x0000000020041000 0x0000000000001000 xrw
*default*        0x0000000000000000 0xffffffffffffffff

Linker script and memory map

LOAD /usr/bin/../lib/gcc/arm-none-eabi/9.3.1/thumb/v6-m/nofp/crti.o
LOAD /usr/bin/../lib/gcc/arm-none-eabi/9.3.1/thumb/v6-m/nofp/crtbegin.o
LOAD /usr/bin/../lib/gcc/arm-none-eabi/9.3.1/../../../../arm-none-eabi/lib/thumb/v6-m/nofp/crt0.o

.flash_begin    0x0000000010000000        0x0
                0x0000000010000000                __flash_binary_start = .

.boot2          0x0000000010000000      0x100
                0x0000000010000000                __boot2_start__ = .
 *(.boot2)
 .boot2         0x0000000010000000      0x100 /tmp/cciJnpG1.o
                0x0000000010000100                __boot2_end__ = .
                0x0000000000000001                ASSERT (((__boot2_end__ - __boot2_start__) == 0x100), ERROR: Pico second stage bootloader must be 256 bytes in size)

.text           0x0000000010000100     0x72a0
                0x0000000010000100                __logical_binary_start = .
 *(.vectors)
 .vectors       0x0000000010000100       0xd4 CMakeFiles/Picoflight.dir/usr/share/pico-sdk/src/rp2_common/pico_standard_link/crt0.S.obj
                0x0000000010000100                __vectors
                0x0000000010000100                __VECTOR_TABLE
                0x00000000100001c0                isr_invalid
                0x00000000100001c0                __default_isrs_start
                0x00000000100001c2                isr_nmi
                0x00000000100001c4                isr_hardfault
                0x00000000100001c6                isr_svcall
                0x00000000100001c8                isr_pendsv
                0x00000000100001ca                isr_systick
                0x00000000100001cc                isr_irq30
                0x00000000100001cc                __unhandled_user_irq
                0x00000000100001cc                isr_irq13
                0x00000000100001cc                isr_irq27
                0x00000000100001cc                isr_irq31
                0x00000000100001cc                isr_irq5
                0x00000000100001cc                isr_irq11
                0x00000000100001cc                isr_irq23
                0x00000000100001cc                isr_irq18
                0x00000000100001cc                isr_irq28
                0x00000000100001cc                isr_irq19
                0x00000000100001cc                isr_irq0
                0x00000000100001cc                isr_irq6
                0x00000000100001cc                isr_irq22
                0x00000000100001cc                isr_irq17
                0x00000000100001cc                isr_irq14
                0x00000000100001cc                isr_irq2
                0x00000000100001cc                isr_irq10
                0x00000000100001cc                isr_irq8
                0x00000000100001cc                isr_irq24
                0x00000000100001cc                isr_irq1
                0x00000000100001cc                isr_irq7
                0x00000000100001cc                isr_irq21
                0x00000000100001cc                isr_irq20
                0x00000000100001cc                isr_irq15
                0x00000000100001cc                isr_irq25
                0x00000000100001cc                isr_irq4
                0x00000000100001cc                isr_irq16
                0x00000000100001cc                isr_irq29
                0x00000000100001cc                isr_irq26
                0x00000000100001cc                __default_isrs_end
                0x00000000100001cc                isr_irq3
                0x00000000100001cc                isr_irq12
                0x00000000100001cc                isr_irq9
                0x00000000100001d2                unhandled_user_irq_num_in_r0
 *(.binary_info_header)
 .binary_info_header
                0x00000000100001d4       0x14 CMakeFiles/Picoflight.dir/usr/share/pico-sdk/src/rp2_common/pico_standard_link/crt0.S.obj
                0x00000000100001e8                __binary_info_header_end = .
 *(.reset)
 .reset         0x00000000100001e8       0xa8 CMakeFiles/Picoflight.dir/usr/share/pico-sdk/src/rp2_common/pico_standard_link/crt0.S.obj
                0x00000000100001e8                _entry_point
                0x0000000010000266                __get_current_exception
 .reset         0x0000000010000290       0x30 CMakeFiles/Picoflight.dir/usr/share/pico-sdk/src/rp2_common/pico_standard_link/binary_info.c.obj
 *(.init)
 .init          0x00000000100002c0        0x4 /usr/bin/../lib/gcc/arm-none-eabi/9.3.1/thumb/v6-m/nofp/crti.o
                0x00000000100002c0                _init
 *(EXCLUDE_FILE(*libm.a: *libc.a:*lib_a-mem*.o *libgcc.a:) .text*)
 .text          0x00000000100002c4       0x48 /usr/bin/../lib/gcc/arm-none-eabi/9.3.1/thumb/v6-m/nofp/crtbegin.o
 .text.startup.main
                0x000000001000030c       0x6c CMakeFiles/Picoflight.dir/src/main.c.obj
                0x000000001000030c                main
 .text.gpio_set_function
                0x0000000010000378       0x30 CMakeFiles/Picoflight.dir/usr/share/pico-sdk/src/rp2_common/hardware_gpio/gpio.c.obj
                0x0000000010000378                gpio_set_function
 .text.gpio_set_inover
                0x00000000100003a8       0x24 CMakeFiles/Picoflight.dir/usr/share/pico-sdk/src/rp2_common/hardware_gpio/gpio.c.obj
                0x00000000100003a8                gpio_set_inover
 .text.gpio_init
                0x00000000100003cc       0x3c CMakeFiles/Picoflight.dir/usr/share/pico-sdk/src/rp2_common/hardware_gpio/gpio.c.obj
                0x00000000100003cc                gpio_init
 .text.hw_claim_or_assert
                0x0000000010000408       0x48 CMakeFiles/Picoflight.dir/usr/share/pico-sdk/src/rp2_common/hardware_claim/claim.c.obj
                0x0000000010000408                hw_claim_or_assert
 .text.hw_claim_unused_from_range
                0x0000000010000450       0x9c CMakeFiles/Picoflight.dir/usr/share/pico-sdk/src/rp2_common/hardware_claim/claim.c.obj
                0x0000000010000450                hw_claim_unused_from_range
 .text.running_on_fpga
                0x00000000100004ec       0x10 CMakeFiles/Picoflight.dir/usr/share/pico-sdk/src/rp2_common/pico_platform/platform.c.obj
                0x00000000100004ec                running_on_fpga
 .text.spin_locks_reset
                0x00000000100004fc       0x1c CMakeFiles/Picoflight.dir/usr/share/pico-sdk/src/rp2_common/hardware_sync/sync.c.obj
                0x00000000100004fc                spin_locks_reset
 .text.next_striped_spin_lock_num
                0x0000000010000518       0x18 CMakeFiles/Picoflight.dir/usr/share/pico-sdk/src/rp2_common/hardware_sync/sync.c.obj
                0x0000000010000518                next_striped_spin_lock_num
 .text.spin_lock_claim_unused
                0x0000000010000530       0x20 CMakeFiles/Picoflight.dir/usr/share/pico-sdk/src/rp2_common/hardware_sync/sync.c.obj
                0x0000000010000530                spin_lock_claim_unused
 .text.uart_init
                0x0000000010000550       0xe4 CMakeFiles/Picoflight.dir/usr/share/pico-sdk/src/rp2_common/hardware_uart/uart.c.obj
                0x0000000010000550                uart_init
 .text.timer_pool_entry_comparator
                0x0000000010000634       0x34 CMakeFiles/Picoflight.dir/usr/share/pico-sdk/src/common/pico_time/time.c.obj
                0x0000000010000634                timer_pool_entry_comparator
 .text.sleep_until_callback
                0x0000000010000668       0x30 CMakeFiles/Picoflight.dir/usr/share/pico-sdk/src/common/pico_time/time.c.obj
 .text.alarm_pool_add_alarm_at.constprop.0
                0x0000000010000698      0x128 CMakeFiles/Picoflight.dir/usr/share/pico-sdk/src/common/pico_time/time.c.obj
 .text.add_alarm_under_lock
                0x00000000100007c0      0x108 CMakeFiles/Picoflight.dir/usr/share/pico-sdk/src/common/pico_time/time.c.obj
 .text.alarm_pool_alarm_callback
                0x00000000100008c8      0x1c8 CMakeFiles/Picoflight.dir/usr/share/pico-sdk/src/common/pico_time/time.c.obj
 .text.alarm_pool_init_default
                0x0000000010000a90       0x64 CMakeFiles/Picoflight.dir/usr/share/pico-sdk/src/common/pico_time/time.c.obj
                0x0000000010000a90                alarm_pool_init_default
 .text.alarm_pool_get_default
                0x0000000010000af4        0x8 CMakeFiles/Picoflight.dir/usr/share/pico-sdk/src/common/pico_time/time.c.obj
                0x0000000010000af4                alarm_pool_get_default
 .text.alarm_pool_add_alarm_at
                0x0000000010000afc      0x1ac CMakeFiles/Picoflight.dir/usr/share/pico-sdk/src/common/pico_time/time.c.obj
                0x0000000010000afc                alarm_pool_add_alarm_at
 .text.sleep_until
                0x0000000010000ca8       0xac CMakeFiles/Picoflight.dir/usr/share/pico-sdk/src/common/pico_time/time.c.obj
                0x0000000010000ca8                sleep_until
 .text.sleep_ms
                0x0000000010000d54       0x38 CMakeFiles/Picoflight.dir/usr/share/pico-sdk/src/common/pico_time/time.c.obj
                0x0000000010000d54                sleep_ms
 .text.best_effort_wfe_or_timeout
                0x0000000010000d8c       0xd4 CMakeFiles/Picoflight.dir/usr/share/pico-sdk/src/common/pico_time/time.c.obj
                0x0000000010000d8c                best_effort_wfe_or_timeout
 .text.hardware_alarm_irq_handler
                0x0000000010000e60       0xb8 CMakeFiles/Picoflight.dir/usr/share/pico-sdk/src/rp2_common/hardware_timer/timer.c.obj
 .text.hardware_alarm_claim
                0x0000000010000f18       0x18 CMakeFiles/Picoflight.dir/usr/share/pico-sdk/src/rp2_common/hardware_timer/timer.c.obj
                0x0000000010000f18                hardware_alarm_claim
 .text.time_us_64
                0x0000000010000f30       0x14 CMakeFiles/Picoflight.dir/usr/share/pico-sdk/src/rp2_common/hardware_timer/timer.c.obj
                0x0000000010000f30                time_us_64
 .text.busy_wait_until
                0x0000000010000f44       0x20 CMakeFiles/Picoflight.dir/usr/share/pico-sdk/src/rp2_common/hardware_timer/timer.c.obj
                0x0000000010000f44                busy_wait_until
 .text.hardware_alarm_set_callback
                0x0000000010000f64       0x8c CMakeFiles/Picoflight.dir/usr/share/pico-sdk/src/rp2_common/hardware_timer/timer.c.obj
                0x0000000010000f64                hardware_alarm_set_callback
 .text.hardware_alarm_set_target
                0x0000000010000ff0       0xe4 CMakeFiles/Picoflight.dir/usr/share/pico-sdk/src/rp2_common/hardware_timer/timer.c.obj
                0x0000000010000ff0                hardware_alarm_set_target
 .text.hardware_alarm_cancel
                0x00000000100010d4       0x40 CMakeFiles/Picoflight.dir/usr/share/pico-sdk/src/rp2_common/hardware_timer/timer.c.obj
                0x00000000100010d4                hardware_alarm_cancel
 .text.lock_init
                0x0000000010001114       0x10 CMakeFiles/Picoflight.dir/usr/share/pico-sdk/src/common/pico_sync/lock_core.c.obj
                0x0000000010001114                lock_init
 .text.mutex_init
                0x0000000010001124       0x1c CMakeFiles/Picoflight.dir/usr/share/pico-sdk/src/common/pico_sync/mutex.c.obj
                0x0000000010001124                mutex_init
 .text.recursive_mutex_init
                0x0000000010001140       0x1c CMakeFiles/Picoflight.dir/usr/share/pico-sdk/src/common/pico_sync/mutex.c.obj
                0x0000000010001140                recursive_mutex_init
 .text.critical_section_init
                0x000000001000115c       0x1c CMakeFiles/Picoflight.dir/usr/share/pico-sdk/src/common/pico_sync/critical_section.c.obj
                0x000000001000115c                critical_section_init
 .text.ph_merge_nodes
                0x0000000010001178       0x68 CMakeFiles/Picoflight.dir/usr/share/pico-sdk/src/common/pico_util/pheap.c.obj
 .text.ph_post_alloc_init
                0x00000000100011e0       0x3c CMakeFiles/Picoflight.dir/usr/share/pico-sdk/src/common/pico_util/pheap.c.obj
                0x00000000100011e0                ph_post_alloc_init
 .text.ph_merge_two_pass
                0x000000001000121c       0x90 CMakeFiles/Picoflight.dir/usr/share/pico-sdk/src/common/pico_util/pheap.c.obj
                0x000000001000121c                ph_merge_two_pass
 .text.ph_remove_any_head
                0x00000000100012ac       0xf8 CMakeFiles/Picoflight.dir/usr/share/pico-sdk/src/common/pico_util/pheap.c.obj
 .text.ph_remove_head
                0x00000000100013a4      0x13c CMakeFiles/Picoflight.dir/usr/share/pico-sdk/src/common/pico_util/pheap.c.obj
                0x00000000100013a4                ph_remove_head
 .text.ph_remove_and_free_node
                0x00000000100014e0       0x7c CMakeFiles/Picoflight.dir/usr/share/pico-sdk/src/common/pico_util/pheap.c.obj
                0x00000000100014e0                ph_remove_and_free_node
 .text.runtime_init
                0x000000001000155c       0xf0 CMakeFiles/Picoflight.dir/usr/share/pico-sdk/src/rp2_common/pico_runtime/runtime.c.obj
                0x000000001000155c                runtime_init
 .text.exit     0x000000001000164c        0x4 CMakeFiles/Picoflight.dir/usr/share/pico-sdk/src/rp2_common/pico_runtime/runtime.c.obj
                0x000000001000164c                exit
 .text.panic    0x0000000010001650       0x30 CMakeFiles/Picoflight.dir/usr/share/pico-sdk/src/rp2_common/pico_runtime/runtime.c.obj
                0x0000000010001650                panic
 .text.hard_assertion_failure
                0x0000000010001680        0xc CMakeFiles/Picoflight.dir/usr/share/pico-sdk/src/rp2_common/pico_runtime/runtime.c.obj
                0x0000000010001680                hard_assertion_failure
 .text.clocks_init
                0x000000001000168c      0x2bc CMakeFiles/Picoflight.dir/usr/share/pico-sdk/src/rp2_common/hardware_clocks/clocks.c.obj
                0x000000001000168c                clocks_init
 .text.clock_get_hz
                0x0000000010001948        0xc CMakeFiles/Picoflight.dir/usr/share/pico-sdk/src/rp2_common/hardware_clocks/clocks.c.obj
                0x0000000010001948                clock_get_hz
 .text.irq_set_enabled
                0x0000000010001954       0x24 CMakeFiles/Picoflight.dir/usr/share/pico-sdk/src/rp2_common/hardware_irq/irq.c.obj
                0x0000000010001954                irq_set_enabled
 .text.irq_set_pending
                0x0000000010001978       0x10 CMakeFiles/Picoflight.dir/usr/share/pico-sdk/src/rp2_common/hardware_irq/irq.c.obj
                0x0000000010001978                irq_set_pending
 .text.irq_get_vtable_handler
                0x0000000010001988       0x10 CMakeFiles/Picoflight.dir/usr/share/pico-sdk/src/rp2_common/hardware_irq/irq.c.obj
                0x0000000010001988                irq_get_vtable_handler
 .text.irq_set_exclusive_handler
                0x0000000010001998       0x54 CMakeFiles/Picoflight.dir/usr/share/pico-sdk/src/rp2_common/hardware_irq/irq.c.obj
                0x0000000010001998                irq_set_exclusive_handler
 .text.irq_remove_handler
                0x00000000100019ec      0x1b8 CMakeFiles/Picoflight.dir/usr/share/pico-sdk/src/rp2_common/hardware_irq/irq.c.obj
                0x00000000100019ec                irq_remove_handler
 .text.irq_add_tail_to_free_list
                0x0000000010001ba4       0xb8 CMakeFiles/Picoflight.dir/usr/share/pico-sdk/src/rp2_common/hardware_irq/irq.c.obj
                0x0000000010001ba4                irq_add_tail_to_free_list
 .text.irq_init_priorities
                0x0000000010001c5c       0x24 CMakeFiles/Picoflight.dir/usr/share/pico-sdk/src/rp2_common/hardware_irq/irq.c.obj
                0x0000000010001c5c                irq_init_priorities
 .text.pll_init
                0x0000000010001c80       0xa4 CMakeFiles/Picoflight.dir/usr/share/pico-sdk/src/rp2_common/hardware_pll/pll.c.obj
                0x0000000010001c80                pll_init
 .text.watchdog_start_tick
                0x0000000010001d24       0x10 CMakeFiles/Picoflight.dir/usr/share/pico-sdk/src/rp2_common/hardware_watchdog/watchdog.c.obj
                0x0000000010001d24                watchdog_start_tick
 .text.watchdog_reboot
                0x0000000010001d34       0x98 CMakeFiles/Picoflight.dir/usr/share/pico-sdk/src/rp2_common/hardware_watchdog/watchdog.c.obj
                0x0000000010001d34                watchdog_reboot
 .text.xosc_init
                0x0000000010001dcc       0x28 CMakeFiles/Picoflight.dir/usr/share/pico-sdk/src/rp2_common/hardware_xosc/xosc.c.obj
                0x0000000010001dcc                xosc_init
 .text._out_null
                0x0000000010001df4        0x4 CMakeFiles/Picoflight.dir/usr/share/pico-sdk/src/rp2_common/pico_printf/printf.c.obj
 .text._out_rev
                0x0000000010001df8       0xd0 CMakeFiles/Picoflight.dir/usr/share/pico-sdk/src/rp2_common/pico_printf/printf.c.obj
 .text._ntoa_format
                0x0000000010001ec8      0x1d0 CMakeFiles/Picoflight.dir/usr/share/pico-sdk/src/rp2_common/pico_printf/printf.c.obj
 .text._out_char
                0x0000000010002098       0x10 CMakeFiles/Picoflight.dir/usr/share/pico-sdk/src/rp2_common/pico_printf/printf.c.obj
 .text._out_fct
                0x00000000100020a8       0x10 CMakeFiles/Picoflight.dir/usr/share/pico-sdk/src/rp2_common/pico_printf/printf.c.obj
 .text._etoa    0x00000000100020b8      0x478 CMakeFiles/Picoflight.dir/usr/share/pico-sdk/src/rp2_common/pico_printf/printf.c.obj
 .text._ftoa    0x0000000010002530      0x3e0 CMakeFiles/Picoflight.dir/usr/share/pico-sdk/src/rp2_common/pico_printf/printf.c.obj
 .text._vsnprintf
                0x0000000010002910      0xb08 CMakeFiles/Picoflight.dir/usr/share/pico-sdk/src/rp2_common/pico_printf/printf.c.obj
 .text.vfctprintf
                0x0000000010003418       0x20 CMakeFiles/Picoflight.dir/usr/share/pico-sdk/src/rp2_common/pico_printf/printf.c.obj
                0x0000000010003418                vfctprintf
 .text.weak_raw_vprintf
                0x0000000010003438       0x30 CMakeFiles/Picoflight.dir/usr/share/pico-sdk/src/rp2_common/pico_printf/printf.c.obj
                0x0000000010003438                weak_raw_vprintf
 .text          0x0000000010003468       0x10 CMakeFiles/Picoflight.dir/usr/share/pico-sdk/src/rp2_common/pico_bit_ops/bit_ops_aeabi.S.obj
 .text.rom_func_lookup
                0x0000000010003478       0x10 CMakeFiles/Picoflight.dir/usr/share/pico-sdk/src/rp2_common/pico_bootrom/bootrom.c.obj
                0x0000000010003478                rom_func_lookup
 .text.rom_data_lookup
                0x0000000010003488       0x10 CMakeFiles/Picoflight.dir/usr/share/pico-sdk/src/rp2_common/pico_bootrom/bootrom.c.obj
                0x0000000010003488                rom_data_lookup
 .text.rom_funcs_lookup
                0x0000000010003498       0x3c CMakeFiles/Picoflight.dir/usr/share/pico-sdk/src/rp2_common/pico_bootrom/bootrom.c.obj
                0x0000000010003498                rom_funcs_lookup
 .text.__wrap___aeabi_idiv
                0x00000000100034d4       0x50 CMakeFiles/Picoflight.dir/usr/share/pico-sdk/src/rp2_common/pico_divider/divider.S.obj
                0x00000000100034d4                __wrap___aeabi_idivmod
                0x00000000100034d4                divmod_s32s32
                0x00000000100034d4                div_s32s32
                0x00000000100034d4                __wrap___aeabi_idiv
                0x00000000100034dc                divmod_s32s32_unsafe
                0x0000000010003508                divmod_s32s32_savestate
 .text.__wrap___aeabi_uidiv
                0x0000000010003524       0x4c CMakeFiles/Picoflight.dir/usr/share/pico-sdk/src/rp2_common/pico_divider/divider.S.obj
                0x0000000010003524                __wrap___aeabi_uidiv
                0x0000000010003524                __wrap___aeabi_uidivmod
                0x0000000010003524                div_u32u32
                0x0000000010003524                divmod_u32u32
                0x000000001000352c                divmod_u32u32_unsafe
                0x0000000010003554                divmod_u32u32_savestate
 .text.__wrap___aeabi_ldiv
                0x0000000010003570      0x434 CMakeFiles/Picoflight.dir/usr/share/pico-sdk/src/rp2_common/pico_divider/divider.S.obj
                0x0000000010003570                div_s64s64
                0x0000000010003570                divmod_s64s64
                0x0000000010003570                __wrap___aeabi_ldivmod
                0x00000000100035a8                div_u64u64
                0x00000000100035a8                divmod_u64u64
                0x00000000100035a8                __wrap___aeabi_uldivmod
                0x00000000100035b8                divmod_u64u64_savestate
                0x00000000100035e0                divmod_s64s64_unsafe
                0x0000000010003668                divmod_u64u64_unsafe
 .text.__wrap___aeabi_darithmetic
                0x00000000100039a4       0x80 CMakeFiles/Picoflight.dir/usr/share/pico-sdk/src/rp2_common/pico_double/double_aeabi.S.obj
                0x00000000100039a4                __wrap___aeabi_drsub
                0x00000000100039aa                __wrap___aeabi_dsub
                0x00000000100039bc                __wrap___aeabi_dadd
                0x00000000100039ce                __wrap___aeabi_ddiv
                0x0000000010003a0a                __wrap___aeabi_dmul
 .text.__wrap___aeabi_cdcmple
                0x0000000010003a24       0x6c CMakeFiles/Picoflight.dir/usr/share/pico-sdk/src/rp2_common/pico_double/double_aeabi.S.obj
                0x0000000010003a24                __wrap___aeabi_cdrcmple
                0x0000000010003a34                __wrap___aeabi_cdcmple
                0x0000000010003a34                __wrap___aeabi_cdcmpeq
 .text.__wrap___aeabi_dcmplt
                0x0000000010003a90        0xc CMakeFiles/Picoflight.dir/usr/share/pico-sdk/src/rp2_common/pico_double/double_aeabi.S.obj
                0x0000000010003a90                __wrap___aeabi_dcmplt
 .text.__wrap___aeabi_dcmple
                0x0000000010003a9c       0x10 CMakeFiles/Picoflight.dir/usr/share/pico-sdk/src/rp2_common/pico_double/double_aeabi.S.obj
                0x0000000010003a9c                __wrap___aeabi_dcmple
 .text.__wrap___aeabi_dcmpge
                0x0000000010003aac       0x10 CMakeFiles/Picoflight.dir/usr/share/pico-sdk/src/rp2_common/pico_double/double_aeabi.S.obj
                0x0000000010003aac                __wrap___aeabi_dcmpge
 .text.__wrap___aeabi_dcmpgt
                0x0000000010003abc        0xa CMakeFiles/Picoflight.dir/usr/share/pico-sdk/src/rp2_common/pico_double/double_aeabi.S.obj
                0x0000000010003abc                __wrap___aeabi_dcmpgt
 .text.__wrap___aeabi_dcmpun
                0x0000000010003ac6       0x1c CMakeFiles/Picoflight.dir/usr/share/pico-sdk/src/rp2_common/pico_double/double_aeabi.S.obj
                0x0000000010003ac6                __wrap___aeabi_dcmpun
 *fill*         0x0000000010003ae2        0x2 
 .text.__wrap___aeabi_i2d
                0x0000000010003ae4       0x38 CMakeFiles/Picoflight.dir/usr/share/pico-sdk/src/rp2_common/pico_double/double_aeabi.S.obj
                0x0000000010003ae4                __wrap___aeabi_ui2d
                0x0000000010003aec                __wrap___aeabi_i2d
 .text.__wrap___aeabi_d2iz
                0x0000000010003b1c       0x48 CMakeFiles/Picoflight.dir/usr/share/pico-sdk/src/rp2_common/pico_double/double_aeabi.S.obj
                0x0000000010003b1c                __wrap___aeabi_d2iz
                0x0000000010003b1c                double2int_z
 .text.__wrap___aeabi_d2uiz
                0x0000000010003b64       0x18 CMakeFiles/Picoflight.dir/usr/share/pico-sdk/src/rp2_common/pico_double/double_aeabi.S.obj
                0x0000000010003b64                double2uint
                0x0000000010003b64                __wrap___aeabi_d2uiz
 .text.__aeabi_double_init
                0x0000000010003b7c       0xc0 CMakeFiles/Picoflight.dir/usr/share/pico-sdk/src/rp2_common/pico_double/double_init_rom.c.obj
                0x0000000010003b7c                __aeabi_double_init
 .text.double_table_shim_on_use_helper
                0x0000000010003c3c       0x2c CMakeFiles/Picoflight.dir/usr/share/pico-sdk/src/rp2_common/pico_double/double_v1_rom_shim.S.obj
                0x0000000010003c3c                double_table_shim_on_use_helper
 .text.__wrap___aeabi_dsub
                0x0000000010003c68       0x10 CMakeFiles/Picoflight.dir/usr/share/pico-sdk/src/rp2_common/pico_double/double_v1_rom_shim.S.obj
                0x0000000010003c68                drsub_shim
                0x0000000010003c6e                dsub_shim
 .text.dadd_shim
                0x0000000010003c78      0x15c CMakeFiles/Picoflight.dir/usr/share/pico-sdk/src/rp2_common/pico_double/double_v1_rom_shim.S.obj
                0x0000000010003c78                dadd_shim
 .text.dmul_shim
                0x0000000010003dd4      0x15c CMakeFiles/Picoflight.dir/usr/share/pico-sdk/src/rp2_common/pico_double/double_v1_rom_shim.S.obj
                0x0000000010003dd4                dmul_shim
 .text.ddiv_shim
                0x0000000010003f30      0x1b0 CMakeFiles/Picoflight.dir/usr/share/pico-sdk/src/rp2_common/pico_double/double_v1_rom_shim.S.obj
                0x0000000010003f30                ddiv_shim
 .text.double2uint_shim
                0x00000000100040e0        0xe CMakeFiles/Picoflight.dir/usr/share/pico-sdk/src/rp2_common/pico_double/double_v1_rom_shim.S.obj
                0x00000000100040e0                double2uint_shim
                0x00000000100040e2                double2ufix_shim
 *fill*         0x00000000100040ee        0x2 
 .text.double2uint64_shim
                0x00000000100040f0       0x70 CMakeFiles/Picoflight.dir/usr/share/pico-sdk/src/rp2_common/pico_double/double_v1_rom_shim.S.obj
                0x00000000100040f0                double2uint64_shim
                0x00000000100040f2                double2ufix64_shim
                0x0000000010004112                d2fix_a
 .text.dunpacks
                0x0000000010004160       0x3c CMakeFiles/Picoflight.dir/usr/share/pico-sdk/src/rp2_common/pico_double/double_v1_rom_shim.S.obj
                0x0000000010004160                dunpacks
 .text.__aeabi_lmul
                0x000000001000419c       0x32 CMakeFiles/Picoflight.dir/usr/share/pico-sdk/src/rp2_common/pico_int64_ops/pico_int64_ops_aeabi.S.obj
                0x000000001000419c                __wrap___aeabi_lmul
 *fill*         0x00000000100041ce        0x2 
 .text.__aeabi_float_init
                0x00000000100041d0       0x64 CMakeFiles/Picoflight.dir/usr/share/pico-sdk/src/rp2_common/pico_float/float_init_rom.c.obj
                0x00000000100041d0                __aeabi_float_init
 .text.float_table_shim_on_use_helper
                0x0000000010004234       0x2c CMakeFiles/Picoflight.dir/usr/share/pico-sdk/src/rp2_common/pico_float/float_v1_rom_shim.S.obj
                0x0000000010004234                float_table_shim_on_use_helper
 .text          0x0000000010004260       0x10 CMakeFiles/Picoflight.dir/usr/share/pico-sdk/src/rp2_common/pico_mem_ops/mem_ops_aeabi.S.obj
                0x0000000010004260                __aeabi_mem_init
 .text.memset   0x0000000010004270        0xc CMakeFiles/Picoflight.dir/usr/share/pico-sdk/src/rp2_common/pico_mem_ops/mem_ops_aeabi.S.obj
                0x0000000010004270                __wrap_memset
 .text.memcpy   0x000000001000427c        0xc CMakeFiles/Picoflight.dir/usr/share/pico-sdk/src/rp2_common/pico_mem_ops/mem_ops_aeabi.S.obj
                0x000000001000427c                __wrap___aeabi_memcpy
                0x000000001000427c                __wrap_memcpy
 .text.stdio_out_chars_no_crlf
                0x0000000010004288       0x10 CMakeFiles/Picoflight.dir/usr/share/pico-sdk/src/rp2_common/pico_stdio/stdio.c.obj
 .text.stdio_out_chars_crlf
                0x0000000010004298       0x94 CMakeFiles/Picoflight.dir/usr/share/pico-sdk/src/rp2_common/pico_stdio/stdio.c.obj
 .text.stdio_buffered_printer
                0x000000001000432c       0x64 CMakeFiles/Picoflight.dir/usr/share/pico-sdk/src/rp2_common/pico_stdio/stdio.c.obj
 .text.stdio_put_string
                0x0000000010004390      0x100 CMakeFiles/Picoflight.dir/usr/share/pico-sdk/src/rp2_common/pico_stdio/stdio.c.obj
 .text.__wrap_putchar
                0x0000000010004490       0xa4 CMakeFiles/Picoflight.dir/usr/share/pico-sdk/src/rp2_common/pico_stdio/stdio.c.obj
                0x0000000010004490                __wrap_putchar
 .text.__wrap_puts
                0x0000000010004534       0x3c CMakeFiles/Picoflight.dir/usr/share/pico-sdk/src/rp2_common/pico_stdio/stdio.c.obj
                0x0000000010004534                __wrap_puts
 .text.stdio_set_driver_enabled
                0x0000000010004570       0x3c CMakeFiles/Picoflight.dir/usr/share/pico-sdk/src/rp2_common/pico_stdio/stdio.c.obj
                0x0000000010004570                stdio_set_driver_enabled
 .text.__wrap_vprintf
                0x00000000100045ac       0xd8 CMakeFiles/Picoflight.dir/usr/share/pico-sdk/src/rp2_common/pico_stdio/stdio.c.obj
                0x00000000100045ac                __wrap_vprintf
 .text.__wrap_printf
                0x0000000010004684       0x18 CMakeFiles/Picoflight.dir/usr/share/pico-sdk/src/rp2_common/pico_stdio/stdio.c.obj
                0x0000000010004684                __wrap_printf
 .text.stdio_init_all
                0x000000001000469c        0x8 CMakeFiles/Picoflight.dir/usr/share/pico-sdk/src/rp2_common/pico_stdio/stdio.c.obj
                0x000000001000469c                stdio_init_all
 .text.resetd_init
                0x00000000100046a4        0x4 CMakeFiles/Picoflight.dir/usr/share/pico-sdk/src/rp2_common/pico_stdio_usb/reset_interface.c.obj
 .text.resetd_reset
                0x00000000100046a8        0xc CMakeFiles/Picoflight.dir/usr/share/pico-sdk/src/rp2_common/pico_stdio_usb/reset_interface.c.obj
 .text.resetd_open
                0x00000000100046b4       0x28 CMakeFiles/Picoflight.dir/usr/share/pico-sdk/src/rp2_common/pico_stdio_usb/reset_interface.c.obj
 .text.resetd_xfer_cb
                0x00000000100046dc        0x4 CMakeFiles/Picoflight.dir/usr/share/pico-sdk/src/rp2_common/pico_stdio_usb/reset_interface.c.obj
 .text.resetd_control_xfer_cb
                0x00000000100046e0       0x64 CMakeFiles/Picoflight.dir/usr/share/pico-sdk/src/rp2_common/pico_stdio_usb/reset_interface.c.obj
 .text.usbd_app_driver_get_cb
                0x0000000010004744        0xc CMakeFiles/Picoflight.dir/usr/share/pico-sdk/src/rp2_common/pico_stdio_usb/reset_interface.c.obj
                0x0000000010004744                usbd_app_driver_get_cb
 .text.tud_cdc_line_coding_cb
                0x0000000010004750       0x34 CMakeFiles/Picoflight.dir/usr/share/pico-sdk/src/rp2_common/pico_stdio_usb/reset_interface.c.obj
                0x0000000010004750                tud_cdc_line_coding_cb
 .text.stdio_usb_in_chars
                0x0000000010004784       0x68 CMakeFiles/Picoflight.dir/usr/share/pico-sdk/src/rp2_common/pico_stdio_usb/stdio_usb.c.obj
                0x0000000010004784                stdio_usb_in_chars
 .text.stdio_usb_out_chars
                0x00000000100047ec       0xec CMakeFiles/Picoflight.dir/usr/share/pico-sdk/src/rp2_common/pico_stdio_usb/stdio_usb.c.obj
 .text.timer_task
                0x00000000100048d8       0x10 CMakeFiles/Picoflight.dir/usr/share/pico-sdk/src/rp2_common/pico_stdio_usb/stdio_usb.c.obj
 .text.low_priority_worker_irq
                0x00000000100048e8       0x24 CMakeFiles/Picoflight.dir/usr/share/pico-sdk/src/rp2_common/pico_stdio_usb/stdio_usb.c.obj
 .text.stdio_usb_init
                0x000000001000490c       0x90 CMakeFiles/Picoflight.dir/usr/share/pico-sdk/src/rp2_common/pico_stdio_usb/stdio_usb.c.obj
                0x000000001000490c                stdio_usb_init
 .text.tud_descriptor_device_cb
                0x000000001000499c        0x8 CMakeFiles/Picoflight.dir/usr/share/pico-sdk/src/rp2_common/pico_stdio_usb/stdio_usb_descriptors.c.obj
                0x000000001000499c                tud_descriptor_device_cb
 .text.tud_descriptor_configuration_cb
                0x00000000100049a4        0x8 CMakeFiles/Picoflight.dir/usr/share/pico-sdk/src/rp2_common/pico_stdio_usb/stdio_usb_descriptors.c.obj
                0x00000000100049a4                tud_descriptor_configuration_cb
 .text.tud_descriptor_string_cb
                0x00000000100049ac       0x70 CMakeFiles/Picoflight.dir/usr/share/pico-sdk/src/rp2_common/pico_stdio_usb/stdio_usb_descriptors.c.obj
                0x00000000100049ac                tud_descriptor_string_cb
 .text.dcd_rp2040_irq
                0x0000000010004a1c      0x21c CMakeFiles/Picoflight.dir/usr/share/pico-sdk/lib/tinyusb/src/portable/raspberrypi/rp2040/dcd_rp2040.c.obj
 .text.dcd_int_enable
                0x0000000010004c38        0xc CMakeFiles/Picoflight.dir/usr/share/pico-sdk/lib/tinyusb/src/portable/raspberrypi/rp2040/dcd_rp2040.c.obj
                0x0000000010004c38                dcd_int_enable
 .text.dcd_set_address
                0x0000000010004c44       0x14 CMakeFiles/Picoflight.dir/usr/share/pico-sdk/lib/tinyusb/src/portable/raspberrypi/rp2040/dcd_rp2040.c.obj
                0x0000000010004c44                dcd_set_address
 .text.dcd_connect
                0x0000000010004c58       0x10 CMakeFiles/Picoflight.dir/usr/share/pico-sdk/lib/tinyusb/src/portable/raspberrypi/rp2040/dcd_rp2040.c.obj
                0x0000000010004c58                dcd_connect
 .text.dcd_init
                0x0000000010004c68      0x148 CMakeFiles/Picoflight.dir/usr/share/pico-sdk/lib/tinyusb/src/portable/raspberrypi/rp2040/dcd_rp2040.c.obj
                0x0000000010004c68                dcd_init
 .text.dcd_edpt0_status_complete
                0x0000000010004db0       0x1c CMakeFiles/Picoflight.dir/usr/share/pico-sdk/lib/tinyusb/src/portable/raspberrypi/rp2040/dcd_rp2040.c.obj
                0x0000000010004db0                dcd_edpt0_status_complete
 .text.dcd_edpt_open
                0x0000000010004dcc       0xf0 CMakeFiles/Picoflight.dir/usr/share/pico-sdk/lib/tinyusb/src/portable/raspberrypi/rp2040/dcd_rp2040.c.obj
                0x0000000010004dcc                dcd_edpt_open
 .text.dcd_edpt_close_all
                0x0000000010004ebc       0xbc CMakeFiles/Picoflight.dir/usr/share/pico-sdk/lib/tinyusb/src/portable/raspberrypi/rp2040/dcd_rp2040.c.obj
                0x0000000010004ebc                dcd_edpt_close_all
 .text.dcd_edpt_xfer
                0x0000000010004f78       0x24 CMakeFiles/Picoflight.dir/usr/share/pico-sdk/lib/tinyusb/src/portable/raspberrypi/rp2040/dcd_rp2040.c.obj
                0x0000000010004f78                dcd_edpt_xfer
 .text.dcd_edpt_stall
                0x0000000010004f9c       0x38 CMakeFiles/Picoflight.dir/usr/share/pico-sdk/lib/tinyusb/src/portable/raspberrypi/rp2040/dcd_rp2040.c.obj
                0x0000000010004f9c                dcd_edpt_stall
 .text.dcd_edpt_clear_stall
                0x0000000010004fd4       0x30 CMakeFiles/Picoflight.dir/usr/share/pico-sdk/lib/tinyusb/src/portable/raspberrypi/rp2040/dcd_rp2040.c.obj
                0x0000000010004fd4                dcd_edpt_clear_stall
 .text._hw_endpoint_buffer_control_update32.part.0
                0x0000000010005004       0x20 CMakeFiles/Picoflight.dir/usr/share/pico-sdk/lib/tinyusb/src/portable/raspberrypi/rp2040/rp2040_usb.c.obj
 .text.rp2040_usb_init
                0x0000000010005024       0x4c CMakeFiles/Picoflight.dir/usr/share/pico-sdk/lib/tinyusb/src/portable/raspberrypi/rp2040/rp2040_usb.c.obj
                0x0000000010005024                rp2040_usb_init
 .text.hw_endpoint_reset_transfer
                0x0000000010005070        0xc CMakeFiles/Picoflight.dir/usr/share/pico-sdk/lib/tinyusb/src/portable/raspberrypi/rp2040/rp2040_usb.c.obj
                0x0000000010005070                hw_endpoint_reset_transfer
 .text._hw_endpoint_buffer_control_update32
                0x000000001000507c       0x40 CMakeFiles/Picoflight.dir/usr/share/pico-sdk/lib/tinyusb/src/portable/raspberrypi/rp2040/rp2040_usb.c.obj
                0x000000001000507c                _hw_endpoint_buffer_control_update32
 .text.hw_endpoint_xfer_start
                0x00000000100050bc      0x138 CMakeFiles/Picoflight.dir/usr/share/pico-sdk/lib/tinyusb/src/portable/raspberrypi/rp2040/rp2040_usb.c.obj
                0x00000000100050bc                hw_endpoint_xfer_start
 .text.hw_endpoint_xfer_continue
                0x00000000100051f4      0x1e4 CMakeFiles/Picoflight.dir/usr/share/pico-sdk/lib/tinyusb/src/portable/raspberrypi/rp2040/rp2040_usb.c.obj
                0x00000000100051f4                hw_endpoint_xfer_continue
 .text.tud_mounted
                0x00000000100053d8       0x10 CMakeFiles/Picoflight.dir/usr/share/pico-sdk/lib/tinyusb/src/device/usbd.c.obj
                0x00000000100053d8                tud_mounted
 .text.tud_suspended
                0x00000000100053e8       0x10 CMakeFiles/Picoflight.dir/usr/share/pico-sdk/lib/tinyusb/src/device/usbd.c.obj
                0x00000000100053e8                tud_suspended
 .text.tud_inited
                0x00000000100053f8        0xc CMakeFiles/Picoflight.dir/usr/share/pico-sdk/lib/tinyusb/src/device/usbd.c.obj
                0x00000000100053f8                tud_inited
 .text.tud_init
                0x0000000010005404       0xd8 CMakeFiles/Picoflight.dir/usr/share/pico-sdk/lib/tinyusb/src/device/usbd.c.obj
                0x0000000010005404                tud_init
 .text.tud_task
                0x00000000100054dc      0x8ec CMakeFiles/Picoflight.dir/usr/share/pico-sdk/lib/tinyusb/src/device/usbd.c.obj
                0x00000000100054dc                tud_task
 .text.dcd_event_bus_signal
                0x0000000010005dc8      0x120 CMakeFiles/Picoflight.dir/usr/share/pico-sdk/lib/tinyusb/src/device/usbd.c.obj
                0x0000000010005dc8                dcd_event_bus_signal
 .text.dcd_event_bus_reset
                0x0000000010005ee8       0x54 CMakeFiles/Picoflight.dir/usr/share/pico-sdk/lib/tinyusb/src/device/usbd.c.obj
                0x0000000010005ee8                dcd_event_bus_reset
 .text.dcd_event_setup_received
                0x0000000010005f3c       0x50 CMakeFiles/Picoflight.dir/usr/share/pico-sdk/lib/tinyusb/src/device/usbd.c.obj
                0x0000000010005f3c                dcd_event_setup_received
 .text.dcd_event_xfer_complete
                0x0000000010005f8c       0x68 CMakeFiles/Picoflight.dir/usr/share/pico-sdk/lib/tinyusb/src/device/usbd.c.obj
                0x0000000010005f8c                dcd_event_xfer_complete
 .text.usbd_open_edpt_pair
                0x0000000010005ff4       0x80 CMakeFiles/Picoflight.dir/usr/share/pico-sdk/lib/tinyusb/src/device/usbd.c.obj
                0x0000000010005ff4                usbd_open_edpt_pair
 .text.usbd_edpt_open
                0x0000000010006074       0x30 CMakeFiles/Picoflight.dir/usr/share/pico-sdk/lib/tinyusb/src/device/usbd.c.obj
                0x0000000010006074                usbd_edpt_open
 .text.usbd_edpt_claim
                0x00000000100060a4       0x64 CMakeFiles/Picoflight.dir/usr/share/pico-sdk/lib/tinyusb/src/device/usbd.c.obj
                0x00000000100060a4                usbd_edpt_claim
 .text.usbd_edpt_release
                0x0000000010006108       0x4c CMakeFiles/Picoflight.dir/usr/share/pico-sdk/lib/tinyusb/src/device/usbd.c.obj
                0x0000000010006108                usbd_edpt_release
 .text.usbd_edpt_xfer
                0x0000000010006154       0x48 CMakeFiles/Picoflight.dir/usr/share/pico-sdk/lib/tinyusb/src/device/usbd.c.obj
                0x0000000010006154                usbd_edpt_xfer
 .text.tud_control_status
                0x000000001000619c       0x30 CMakeFiles/Picoflight.dir/usr/share/pico-sdk/lib/tinyusb/src/device/usbd_control.c.obj
                0x000000001000619c                tud_control_status
 .text.tud_control_xfer
                0x00000000100061cc       0xb8 CMakeFiles/Picoflight.dir/usr/share/pico-sdk/lib/tinyusb/src/device/usbd_control.c.obj
                0x00000000100061cc                tud_control_xfer
 .text.usbd_control_reset
                0x0000000010006284       0x14 CMakeFiles/Picoflight.dir/usr/share/pico-sdk/lib/tinyusb/src/device/usbd_control.c.obj
                0x0000000010006284                usbd_control_reset
 .text.usbd_control_set_complete_callback
                0x0000000010006298        0xc CMakeFiles/Picoflight.dir/usr/share/pico-sdk/lib/tinyusb/src/device/usbd_control.c.obj
                0x0000000010006298                usbd_control_set_complete_callback
 .text.usbd_control_set_request
                0x00000000100062a4       0x1c CMakeFiles/Picoflight.dir/usr/share/pico-sdk/lib/tinyusb/src/device/usbd_control.c.obj
                0x00000000100062a4                usbd_control_set_request
 .text.usbd_control_xfer_cb
                0x00000000100062c0       0xf8 CMakeFiles/Picoflight.dir/usr/share/pico-sdk/lib/tinyusb/src/device/usbd_control.c.obj
                0x00000000100062c0                usbd_control_xfer_cb
 .text.tud_cdc_n_connected
                0x00000000100063b8       0x30 CMakeFiles/Picoflight.dir/usr/share/pico-sdk/lib/tinyusb/src/class/cdc/cdc_device.c.obj
                0x00000000100063b8                tud_cdc_n_connected
 .text.tud_cdc_n_available
                0x00000000100063e8       0x18 CMakeFiles/Picoflight.dir/usr/share/pico-sdk/lib/tinyusb/src/class/cdc/cdc_device.c.obj
                0x00000000100063e8                tud_cdc_n_available
 .text.tud_cdc_n_read
                0x0000000010006400       0x70 CMakeFiles/Picoflight.dir/usr/share/pico-sdk/lib/tinyusb/src/class/cdc/cdc_device.c.obj
                0x0000000010006400                tud_cdc_n_read
 .text.tud_cdc_n_write_flush
                0x0000000010006470       0x78 CMakeFiles/Picoflight.dir/usr/share/pico-sdk/lib/tinyusb/src/class/cdc/cdc_device.c.obj
                0x0000000010006470                tud_cdc_n_write_flush
 .text.tud_cdc_n_write
                0x00000000100064e8       0x34 CMakeFiles/Picoflight.dir/usr/share/pico-sdk/lib/tinyusb/src/class/cdc/cdc_device.c.obj
                0x00000000100064e8                tud_cdc_n_write
 .text.tud_cdc_n_write_available
                0x000000001000651c       0x18 CMakeFiles/Picoflight.dir/usr/share/pico-sdk/lib/tinyusb/src/class/cdc/cdc_device.c.obj
                0x000000001000651c                tud_cdc_n_write_available
 .text.cdcd_init
                0x0000000010006534       0x7c CMakeFiles/Picoflight.dir/usr/share/pico-sdk/lib/tinyusb/src/class/cdc/cdc_device.c.obj
                0x0000000010006534                cdcd_init
 .text.cdcd_reset
                0x00000000100065b0       0x2c CMakeFiles/Picoflight.dir/usr/share/pico-sdk/lib/tinyusb/src/class/cdc/cdc_device.c.obj
                0x00000000100065b0                cdcd_reset
 .text.cdcd_open
                0x00000000100065dc       0xe4 CMakeFiles/Picoflight.dir/usr/share/pico-sdk/lib/tinyusb/src/class/cdc/cdc_device.c.obj
                0x00000000100065dc                cdcd_open
 .text.cdcd_control_xfer_cb
                0x00000000100066c0       0xe4 CMakeFiles/Picoflight.dir/usr/share/pico-sdk/lib/tinyusb/src/class/cdc/cdc_device.c.obj
                0x00000000100066c0                cdcd_control_xfer_cb
 .text.cdcd_xfer_cb
                0x00000000100067a4      0x198 CMakeFiles/Picoflight.dir/usr/share/pico-sdk/lib/tinyusb/src/class/cdc/cdc_device.c.obj
                0x00000000100067a4                cdcd_xfer_cb
 .text.tusb_init
                0x000000001000693c        0xc CMakeFiles/Picoflight.dir/usr/share/pico-sdk/lib/tinyusb/src/tusb.c.obj
                0x000000001000693c                tusb_init
 .text.tusb_inited
                0x0000000010006948        0x8 CMakeFiles/Picoflight.dir/usr/share/pico-sdk/lib/tinyusb/src/tusb.c.obj
                0x0000000010006948                tusb_inited
 .text.tu_edpt_validate
                0x0000000010006950       0x78 CMakeFiles/Picoflight.dir/usr/share/pico-sdk/lib/tinyusb/src/tusb.c.obj
                0x0000000010006950                tu_edpt_validate
 .text.tu_edpt_bind_driver
                0x00000000100069c8       0x2c CMakeFiles/Picoflight.dir/usr/share/pico-sdk/lib/tinyusb/src/tusb.c.obj
                0x00000000100069c8                tu_edpt_bind_driver
 .text.tu_fifo_config
                0x00000000100069f4       0x78 CMakeFiles/Picoflight.dir/usr/share/pico-sdk/lib/tinyusb/src/common/tusb_fifo.c.obj
                0x00000000100069f4                tu_fifo_config
 .text.tu_fifo_count
                0x0000000010006a6c       0x20 CMakeFiles/Picoflight.dir/usr/share/pico-sdk/lib/tinyusb/src/common/tusb_fifo.c.obj
                0x0000000010006a6c                tu_fifo_count
 .text.tu_fifo_empty
                0x0000000010006a8c       0x10 CMakeFiles/Picoflight.dir/usr/share/pico-sdk/lib/tinyusb/src/common/tusb_fifo.c.obj
                0x0000000010006a8c                tu_fifo_empty
 .text.tu_fifo_remaining
                0x0000000010006a9c       0x1c CMakeFiles/Picoflight.dir/usr/share/pico-sdk/lib/tinyusb/src/common/tusb_fifo.c.obj
                0x0000000010006a9c                tu_fifo_remaining
 .text.tu_fifo_read
                0x0000000010006ab8       0x9c CMakeFiles/Picoflight.dir/usr/share/pico-sdk/lib/tinyusb/src/common/tusb_fifo.c.obj
                0x0000000010006ab8                tu_fifo_read
 .text.tu_fifo_read_n
                0x0000000010006b54      0x100 CMakeFiles/Picoflight.dir/usr/share/pico-sdk/lib/tinyusb/src/common/tusb_fifo.c.obj
                0x0000000010006b54                tu_fifo_read_n
 .text.tu_fifo_write
                0x0000000010006c54       0x7c CMakeFiles/Picoflight.dir/usr/share/pico-sdk/lib/tinyusb/src/common/tusb_fifo.c.obj
                0x0000000010006c54                tu_fifo_write
 .text.tu_fifo_write_n
                0x0000000010006cd0       0xf8 CMakeFiles/Picoflight.dir/usr/share/pico-sdk/lib/tinyusb/src/common/tusb_fifo.c.obj
                0x0000000010006cd0                tu_fifo_write_n
 .text.tu_fifo_clear
                0x0000000010006dc8       0x4c CMakeFiles/Picoflight.dir/usr/share/pico-sdk/lib/tinyusb/src/common/tusb_fifo.c.obj
                0x0000000010006dc8                tu_fifo_clear
 .text.tu_fifo_set_overwritable
                0x0000000010006e14       0x3c CMakeFiles/Picoflight.dir/usr/share/pico-sdk/lib/tinyusb/src/common/tusb_fifo.c.obj
                0x0000000010006e14                tu_fifo_set_overwritable
 .text.startup._retrieve_unique_id_on_boot
                0x0000000010006e50       0x10 CMakeFiles/Picoflight.dir/usr/share/pico-sdk/src/rp2_common/pico_unique_id/unique_id.c.obj
 .text.pico_get_unique_board_id_string
                0x0000000010006e60      0x1bc CMakeFiles/Picoflight.dir/usr/share/pico-sdk/src/rp2_common/pico_unique_id/unique_id.c.obj
                0x0000000010006e60                pico_get_unique_board_id_string
 .text.flash_get_unique_id
                0x000000001000701c       0x40 CMakeFiles/Picoflight.dir/usr/share/pico-sdk/src/rp2_common/hardware_flash/flash.c.obj
                0x000000001000701c                flash_get_unique_id
 .text.on_uart_rx
                0x000000001000705c      0x1d8 lib/sbusdriver/libsbus.a(sbus.c.obj)
                0x000000001000705c                on_uart_rx
 .text.SBUS_getChannel
                0x0000000010007234       0x18 lib/sbusdriver/libsbus.a(sbus.c.obj)
                0x0000000010007234                SBUS_getChannel
 .text.SBUS_init
                0x000000001000724c       0x80 lib/sbusdriver/libsbus.a(sbus.c.obj)
                0x000000001000724c                SBUS_init
 .text.strlen   0x00000000100072cc       0x5c /usr/bin/../lib/gcc/arm-none-eabi/9.3.1/../../../../arm-none-eabi/lib/thumb/v6-m/nofp/libc.a(lib_a-strlen-stub.o)
                0x00000000100072cc                strlen
 *(.fini)
 .fini          0x0000000010007328        0x4 /usr/bin/../lib/gcc/arm-none-eabi/9.3.1/thumb/v6-m/nofp/crti.o
                0x0000000010007328                _fini
 *fill*         0x000000001000732c        0x4 
 .fini.__stub   0x0000000010007330       0x70 linker stubs
 *crtbegin.o(.ctors)
 *crtbegin?.o(.ctors)
 *(EXCLUDE_FILE(*crtend.o *crtend?.o) .ctors)
 *(SORT_BY_NAME(.ctors.*))
 *(.ctors)
 *crtbegin.o(.dtors)
 *crtbegin?.o(.dtors)
 *(EXCLUDE_FILE(*crtend.o *crtend?.o) .dtors)
 *(SORT_BY_NAME(.dtors.*))
 *(.dtors)
 *(.eh_frame*)
 .eh_frame      0x00000000100073a0        0x0 /usr/bin/../lib/gcc/arm-none-eabi/9.3.1/thumb/v6-m/nofp/crtbegin.o
                0x00000000100073a0                . = ALIGN (0x4)

.glue_7         0x00000000100073a0        0x0
 .glue_7        0x00000000100073a0        0x0 linker stubs

.glue_7t        0x00000000100073a0        0x0
 .glue_7t       0x00000000100073a0        0x0 linker stubs

.vfp11_veneer   0x00000000100073a0        0x0
 .vfp11_veneer  0x00000000100073a0        0x0 linker stubs

.v4_bx          0x00000000100073a0        0x0
 .v4_bx         0x00000000100073a0        0x0 linker stubs

.iplt           0x00000000100073a0        0x0
 .iplt          0x00000000100073a0        0x0 /usr/bin/../lib/gcc/arm-none-eabi/9.3.1/thumb/v6-m/nofp/crtbegin.o

.rodata         0x00000000100073a0      0x530
 *(EXCLUDE_FILE(*libm.a: *libc.a:*lib_a-mem*.o *libgcc.a:) .rodata*)
 .rodata.main.str1.4
                0x00000000100073a0       0x2b CMakeFiles/Picoflight.dir/src/main.c.obj
 *fill*         0x00000000100073cb        0x1 
 .rodata.spin_lock_claim_unused.str1.4
                0x00000000100073cc       0x1b CMakeFiles/Picoflight.dir/usr/share/pico-sdk/src/rp2_common/hardware_sync/sync.c.obj
 *fill*         0x00000000100073e7        0x1 
 .rodata.hardware_alarm_claim.str1.4
                0x00000000100073e8       0x22 CMakeFiles/Picoflight.dir/usr/share/pico-sdk/src/rp2_common/hardware_timer/timer.c.obj
 *fill*         0x000000001000740a        0x2 
 .rodata.panic.str1.4
                0x000000001000740c       0x12 CMakeFiles/Picoflight.dir/usr/share/pico-sdk/src/rp2_common/pico_runtime/runtime.c.obj
 *fill*         0x000000001000741e        0x2 
 .rodata.hard_assertion_failure.str1.4
                0x0000000010007420        0xc CMakeFiles/Picoflight.dir/usr/share/pico-sdk/src/rp2_common/pico_runtime/runtime.c.obj
 .rodata._ftoa.str1.4
                0x000000001000742c       0x15 CMakeFiles/Picoflight.dir/usr/share/pico-sdk/src/rp2_common/pico_printf/printf.c.obj
 *fill*         0x0000000010007441        0x3 
 .rodata._vsnprintf
                0x0000000010007444      0x1e0 CMakeFiles/Picoflight.dir/usr/share/pico-sdk/src/rp2_common/pico_printf/printf.c.obj
 *fill*         0x0000000010007624        0x4 
 .rodata.pow10.5445
                0x0000000010007628       0x50 CMakeFiles/Picoflight.dir/usr/share/pico-sdk/src/rp2_common/pico_printf/printf.c.obj
 .rodata.str1.4
                0x0000000010007678       0x40 CMakeFiles/Picoflight.dir/usr/share/pico-sdk/src/rp2_common/pico_standard_link/binary_info.c.obj
 .rodata.__bi_44
                0x00000000100076b8        0xc CMakeFiles/Picoflight.dir/usr/share/pico-sdk/src/rp2_common/pico_standard_link/binary_info.c.obj
 .rodata.__bi_75
                0x00000000100076c4        0xc CMakeFiles/Picoflight.dir/usr/share/pico-sdk/src/rp2_common/pico_standard_link/binary_info.c.obj
 .rodata.__bi_81
                0x00000000100076d0        0xc CMakeFiles/Picoflight.dir/usr/share/pico-sdk/src/rp2_common/pico_standard_link/binary_info.c.obj
 .rodata.crlf_str.5914
                0x00000000100076dc        0x2 CMakeFiles/Picoflight.dir/usr/share/pico-sdk/src/rp2_common/pico_stdio/stdio.c.obj
 *fill*         0x00000000100076de        0x2 
 .rodata._resetd_driver
                0x00000000100076e0       0x18 CMakeFiles/Picoflight.dir/usr/share/pico-sdk/src/rp2_common/pico_stdio_usb/reset_interface.c.obj
 .rodata.str1.4
                0x00000000100076f8       0x13 CMakeFiles/Picoflight.dir/usr/share/pico-sdk/src/rp2_common/pico_stdio_usb/stdio_usb.c.obj
 *fill*         0x000000001000770b        0x1 
 .rodata.__bi_93.7192
                0x000000001000770c        0xc CMakeFiles/Picoflight.dir/usr/share/pico-sdk/src/rp2_common/pico_stdio_usb/stdio_usb.c.obj
 .rodata.str1.4
                0x0000000010007718       0x2a CMakeFiles/Picoflight.dir/usr/share/pico-sdk/src/rp2_common/pico_stdio_usb/stdio_usb_descriptors.c.obj
 *fill*         0x0000000010007742        0x2 
 .rodata.usbd_desc_cfg
                0x0000000010007744       0x54 CMakeFiles/Picoflight.dir/usr/share/pico-sdk/src/rp2_common/pico_stdio_usb/stdio_usb_descriptors.c.obj
 .rodata.usbd_desc_device
                0x0000000010007798       0x12 CMakeFiles/Picoflight.dir/usr/share/pico-sdk/src/rp2_common/pico_stdio_usb/stdio_usb_descriptors.c.obj
 *fill*         0x00000000100077aa        0x2 
 .rodata.usbd_desc_str
                0x00000000100077ac       0x18 CMakeFiles/Picoflight.dir/usr/share/pico-sdk/src/rp2_common/pico_stdio_usb/stdio_usb_descriptors.c.obj
 .rodata.dcd_rp2040_irq.str1.4
                0x00000000100077c4       0x14 CMakeFiles/Picoflight.dir/usr/share/pico-sdk/lib/tinyusb/src/portable/raspberrypi/rp2040/dcd_rp2040.c.obj
 .rodata._hw_endpoint_buffer_control_update32.part.0.str1.4
                0x00000000100077d8       0x1f CMakeFiles/Picoflight.dir/usr/share/pico-sdk/lib/tinyusb/src/portable/raspberrypi/rp2040/rp2040_usb.c.obj
 *fill*         0x00000000100077f7        0x1 
 .rodata.hw_endpoint_xfer_continue.str1.4
                0x00000000100077f8       0x29 CMakeFiles/Picoflight.dir/usr/share/pico-sdk/lib/tinyusb/src/portable/raspberrypi/rp2040/rp2040_usb.c.obj
 *fill*         0x0000000010007821        0x3 
 .rodata.str1.4
                0x0000000010007824        0x7 CMakeFiles/Picoflight.dir/usr/share/pico-sdk/lib/tinyusb/src/portable/raspberrypi/rp2040/rp2040_usb.c.obj
 *fill*         0x000000001000782b        0x1 
 .rodata.tud_task
                0x000000001000782c       0x8c CMakeFiles/Picoflight.dir/usr/share/pico-sdk/lib/tinyusb/src/device/usbd.c.obj
 .rodata._usbd_driver
                0x00000000100078b8       0x18 CMakeFiles/Picoflight.dir/usr/share/pico-sdk/lib/tinyusb/src/device/usbd.c.obj
                0x00000000100078d0                . = ALIGN (0x4)
 *(SORT_BY_ALIGNMENT(SORT_BY_NAME(.flashdata*)))
                0x00000000100078d0                . = ALIGN (0x4)

.rel.dyn        0x00000000100078d0        0x0
 .rel.iplt      0x00000000100078d0        0x0 /usr/bin/../lib/gcc/arm-none-eabi/9.3.1/thumb/v6-m/nofp/crtbegin.o

.ARM.extab
 *(.ARM.extab* .gnu.linkonce.armextab.*)
                0x00000000100078d0                __exidx_start = .

.ARM.exidx
 *(.ARM.exidx* .gnu.linkonce.armexidx.*)
                0x00000000100078d0                __exidx_end = .
                0x00000000100078d0                . = ALIGN (0x4)
                0x00000000100078d0                __binary_info_start = .

.binary_info    0x00000000100078d0       0x20
 *(.binary_info.keep.*)
 .binary_info.keep.__bi_ptr22
                0x00000000100078d0        0x4 CMakeFiles/Picoflight.dir/usr/share/pico-sdk/src/rp2_common/pico_standard_link/binary_info.c.obj
 .binary_info.keep.__bi_ptr30
                0x00000000100078d4        0x4 CMakeFiles/Picoflight.dir/usr/share/pico-sdk/src/rp2_common/pico_standard_link/binary_info.c.obj
 .binary_info.keep.__bi_ptr38
                0x00000000100078d8        0x4 CMakeFiles/Picoflight.dir/usr/share/pico-sdk/src/rp2_common/pico_standard_link/binary_info.c.obj
 .binary_info.keep.__bi_ptr44
                0x00000000100078dc        0x4 CMakeFiles/Picoflight.dir/usr/share/pico-sdk/src/rp2_common/pico_standard_link/binary_info.c.obj
 .binary_info.keep.__bi_ptr50
                0x00000000100078e0        0x4 CMakeFiles/Picoflight.dir/usr/share/pico-sdk/src/rp2_common/pico_standard_link/binary_info.c.obj
 .binary_info.keep.__bi_ptr75
                0x00000000100078e4        0x4 CMakeFiles/Picoflight.dir/usr/share/pico-sdk/src/rp2_common/pico_standard_link/binary_info.c.obj
 .binary_info.keep.__bi_ptr81
                0x00000000100078e8        0x4 CMakeFiles/Picoflight.dir/usr/share/pico-sdk/src/rp2_common/pico_standard_link/binary_info.c.obj
 *(.binary_info.*)
 .binary_info.__bi_ptr93
                0x00000000100078ec        0x4 CMakeFiles/Picoflight.dir/usr/share/pico-sdk/src/rp2_common/pico_stdio_usb/stdio_usb.c.obj
                0x00000000100078f0                __binary_info_end = .
                0x00000000100078f0                . = ALIGN (0x4)
                0x00000000100078f0                __etext = .

.ram_vector_table
                0x0000000020000000       0xc0
 *(.ram_vector_table)
 .ram_vector_table
                0x0000000020000000       0xc0 CMakeFiles/Picoflight.dir/usr/share/pico-sdk/src/rp2_common/pico_runtime/runtime.c.obj
                0x0000000020000000                ram_vector_table

.data           0x00000000200000c0      0x3c8 load address 0x00000000100078f0
                0x00000000200000c0                __data_start__ = .
 *(vtable)
 *(.time_critical*)
 .time_critical.mutex_enter_blocking
                0x00000000200000c0       0x48 CMakeFiles/Picoflight.dir/usr/share/pico-sdk/src/common/pico_sync/mutex.c.obj
                0x00000000200000c0                mutex_enter_blocking
 .time_critical.mutex_try_enter
                0x0000000020000108       0x48 CMakeFiles/Picoflight.dir/usr/share/pico-sdk/src/common/pico_sync/mutex.c.obj
                0x0000000020000108                mutex_try_enter
 .time_critical.mutex_enter_timeout_ms
                0x0000000020000150       0x98 CMakeFiles/Picoflight.dir/usr/share/pico-sdk/src/common/pico_sync/mutex.c.obj
                0x0000000020000150                mutex_enter_timeout_ms
 .time_critical.mutex_exit
                0x00000000200001e8       0x28 CMakeFiles/Picoflight.dir/usr/share/pico-sdk/src/common/pico_sync/mutex.c.obj
                0x00000000200001e8                mutex_exit
 .time_critical.flash_init_boot2_copyout
                0x0000000020000210       0x30 CMakeFiles/Picoflight.dir/usr/share/pico-sdk/src/rp2_common/hardware_flash/flash.c.obj
 .time_critical.flash_enable_xip_via_boot2
                0x0000000020000240       0x10 CMakeFiles/Picoflight.dir/usr/share/pico-sdk/src/rp2_common/hardware_flash/flash.c.obj
 .time_critical.flash_cs_force
                0x0000000020000250       0x38 CMakeFiles/Picoflight.dir/usr/share/pico-sdk/src/rp2_common/hardware_flash/flash.c.obj
 .time_critical.flash_do_cmd
                0x0000000020000288       0xc4 CMakeFiles/Picoflight.dir/usr/share/pico-sdk/src/rp2_common/hardware_flash/flash.c.obj
                0x0000000020000288                flash_do_cmd
 *(.text*)
 .text          0x000000002000034c        0x4 /usr/bin/../lib/gcc/arm-none-eabi/9.3.1/thumb/v6-m/nofp/libgcc.a(_dvmd_tls.o)
                0x000000002000034c                __aeabi_ldiv0
                0x000000002000034c                __aeabi_idiv0
 .text.__stub   0x0000000020000350       0x30 linker stubs
                0x0000000020000380                . = ALIGN (0x4)
 *(.rodata*)
                0x0000000020000380                . = ALIGN (0x4)
 *(.data*)
 .data.striped_spin_lock_num
                0x0000000020000380        0x1 CMakeFiles/Picoflight.dir/usr/share/pico-sdk/src/rp2_common/hardware_sync/sync.c.obj
 *fill*         0x0000000020000381        0x3 
 .data.default_alarm_pool
                0x0000000020000384       0x18 CMakeFiles/Picoflight.dir/usr/share/pico-sdk/src/common/pico_time/time.c.obj
 .data.default_alarm_pool_heap
                0x000000002000039c       0x10 CMakeFiles/Picoflight.dir/usr/share/pico-sdk/src/common/pico_time/time.c.obj
 .data          0x00000000200003ac       0x48 CMakeFiles/Picoflight.dir/usr/share/pico-sdk/src/rp2_common/hardware_irq/irq_handler_chain.S.obj
                0x00000000200003ac                irq_handler_chain_slots
                0x00000000200003dc                irq_handler_chain_first_slot
                0x00000000200003e6                irq_handler_chain_remove_tail
 *fill*         0x00000000200003f4        0xc 
 .data.aeabi_bits_funcs
                0x0000000020000400       0x10 CMakeFiles/Picoflight.dir/usr/share/pico-sdk/src/rp2_common/pico_bit_ops/bit_ops_aeabi.S.obj
                0x0000000020000400                aeabi_bits_funcs
                0x0000000020000410                aeabi_bits_funcs_end
 .data.aeabi_mem_funcs
                0x0000000020000410       0x10 CMakeFiles/Picoflight.dir/usr/share/pico-sdk/src/rp2_common/pico_mem_ops/mem_ops_aeabi.S.obj
                0x0000000020000410                aeabi_mem_funcs
                0x0000000020000420                aeabi_mem_funcs_end
 .data.stdio_usb
                0x0000000020000420       0x14 CMakeFiles/Picoflight.dir/usr/share/pico-sdk/src/rp2_common/pico_stdio_usb/stdio_usb.c.obj
                0x0000000020000420                stdio_usb
 .data.ep_dir_string
                0x0000000020000434        0x8 CMakeFiles/Picoflight.dir/usr/share/pico-sdk/lib/tinyusb/src/portable/raspberrypi/rp2040/rp2040_usb.c.obj
                0x0000000020000434                ep_dir_string
 .data._usbd_qdef
                0x000000002000043c       0x24 CMakeFiles/Picoflight.dir/usr/share/pico-sdk/lib/tinyusb/src/device/usbd.c.obj
                0x000000002000043c                _usbd_qdef
                0x0000000020000460                . = ALIGN (0x4)
 *(.after_data.*)
                0x0000000020000460                . = ALIGN (0x4)
                0x0000000020000460                PROVIDE (__mutex_array_start = .)
 *(SORT_BY_NAME(.mutex_array.*))
 *(.mutex_array)
 .mutex_array   0x0000000020000460        0x8 CMakeFiles/Picoflight.dir/usr/share/pico-sdk/src/rp2_common/pico_malloc/pico_malloc.c.obj
 .mutex_array   0x0000000020000468        0x8 CMakeFiles/Picoflight.dir/usr/share/pico-sdk/src/rp2_common/pico_stdio/stdio.c.obj
                0x0000000020000470                PROVIDE (__mutex_array_end = .)
                0x0000000020000470                . = ALIGN (0x4)
                0x0000000020000470                PROVIDE (__preinit_array_start = .)
 *(SORT_BY_NAME(.preinit_array.*))
 .preinit_array.00001
                0x0000000020000470        0x4 CMakeFiles/Picoflight.dir/usr/share/pico-sdk/src/rp2_common/pico_mem_ops/mem_ops_aeabi.S.obj
 .preinit_array.00010
                0x0000000020000474        0x4 CMakeFiles/Picoflight.dir/usr/share/pico-sdk/src/rp2_common/pico_bit_ops/bit_ops_aeabi.S.obj
 .preinit_array.00020
                0x0000000020000478        0x4 CMakeFiles/Picoflight.dir/usr/share/pico-sdk/src/rp2_common/pico_double/double_aeabi.S.obj
 .preinit_array.00020
                0x000000002000047c        0x4 CMakeFiles/Picoflight.dir/usr/share/pico-sdk/src/rp2_common/pico_float/float_aeabi.S.obj
 *(.preinit_array)
                0x0000000020000480                PROVIDE (__preinit_array_end = .)
                0x0000000020000480                . = ALIGN (0x4)
                0x0000000020000480                PROVIDE (__init_array_start = .)
 *(SORT_BY_NAME(.init_array.*))
 *(.init_array)
 .init_array    0x0000000020000480        0x4 /usr/bin/../lib/gcc/arm-none-eabi/9.3.1/thumb/v6-m/nofp/crtbegin.o
 .init_array    0x0000000020000484        0x4 CMakeFiles/Picoflight.dir/usr/share/pico-sdk/src/rp2_common/pico_unique_id/unique_id.c.obj
                0x0000000020000488                PROVIDE (__init_array_end = .)
                0x0000000020000488                . = ALIGN (0x4)
                [!provide]                        PROVIDE (__fini_array_start = .)
 *(SORT_BY_NAME(.fini_array.*))
 *(.fini_array)
                [!provide]                        PROVIDE (__fini_array_end = .)
 *(.jcr)
                0x0000000020000488                . = ALIGN (0x4)
                0x0000000020000488                __data_end__ = .

.igot.plt       0x0000000020000488        0x0 load address 0x0000000010007cb8
 .igot.plt      0x0000000020000488        0x0 /usr/bin/../lib/gcc/arm-none-eabi/9.3.1/thumb/v6-m/nofp/crtbegin.o

.uninitialized_data
                0x0000000020000488        0x0 load address 0x0000000010007cb8
                0x0000000020000488                . = ALIGN (0x4)
 *(.uninitialized_data*)

.scratch_x      0x0000000020040000        0x0 load address 0x0000000010007cb8
                0x0000000020040000                __scratch_x_start__ = .
 *(.scratch_x.*)
                0x0000000020040000                . = ALIGN (0x4)
                0x0000000020040000                __scratch_x_end__ = .
                0x0000000010007cb8                __scratch_x_source__ = LOADADDR (.scratch_x)

.scratch_y      0x0000000020041000        0x0 load address 0x0000000010007cb8
                0x0000000020041000                __scratch_y_start__ = .
 *(.scratch_y.*)
                0x0000000020041000                . = ALIGN (0x4)
                0x0000000020041000                __scratch_y_end__ = .
                0x0000000010007cb8                __scratch_y_source__ = LOADADDR (.scratch_y)

.bss            0x0000000020000488      0xdf0
                0x0000000020000488                . = ALIGN (0x4)
                0x0000000020000488                __bss_start__ = .
 *(SORT_BY_ALIGNMENT(SORT_BY_NAME(.bss*)))
 .bss.default_alarm_pool_entries
                0x0000000020000488      0x100 CMakeFiles/Picoflight.dir/usr/share/pico-sdk/src/common/pico_time/time.c.obj
 .bss.last_avail_time.7171
                0x0000000020000588        0x8 CMakeFiles/Picoflight.dir/usr/share/pico-sdk/src/rp2_common/pico_stdio_usb/stdio_usb.c.obj
 .bss           0x0000000020000590       0x1c /usr/bin/../lib/gcc/arm-none-eabi/9.3.1/thumb/v6-m/nofp/crtbegin.o
 .bss._app_driver
                0x00000000200005ac        0x4 CMakeFiles/Picoflight.dir/usr/share/pico-sdk/lib/tinyusb/src/device/usbd.c.obj
 .bss._cdcd_itf
                0x00000000200005b0      0x2d8 CMakeFiles/Picoflight.dir/usr/share/pico-sdk/lib/tinyusb/src/class/cdc/cdc_device.c.obj
 .bss._ctrl_xfer
                0x0000000020000888       0x14 CMakeFiles/Picoflight.dir/usr/share/pico-sdk/lib/tinyusb/src/device/usbd_control.c.obj
 .bss._ubsd_mutexdef
                0x000000002000089c        0x8 CMakeFiles/Picoflight.dir/usr/share/pico-sdk/lib/tinyusb/src/device/usbd.c.obj
 .bss._usbd_ctrl_buf
                0x00000000200008a4       0x40 CMakeFiles/Picoflight.dir/usr/share/pico-sdk/lib/tinyusb/src/device/usbd_control.c.obj
 .bss._usbd_dev
                0x00000000200008e4       0x53 CMakeFiles/Picoflight.dir/usr/share/pico-sdk/lib/tinyusb/src/device/usbd.c.obj
 *fill*         0x0000000020000937        0x1 
 .bss._usbd_mutex
                0x0000000020000938        0x4 CMakeFiles/Picoflight.dir/usr/share/pico-sdk/lib/tinyusb/src/device/usbd.c.obj
 .bss._usbd_q   0x000000002000093c        0x4 CMakeFiles/Picoflight.dir/usr/share/pico-sdk/lib/tinyusb/src/device/usbd.c.obj
 .bss.alarm_callbacks
                0x0000000020000940       0x10 CMakeFiles/Picoflight.dir/usr/share/pico-sdk/src/rp2_common/hardware_timer/timer.c.obj
 .bss.boot2_copyout
                0x0000000020000950      0x100 CMakeFiles/Picoflight.dir/usr/share/pico-sdk/src/rp2_common/hardware_flash/flash.c.obj
 .bss.bufferRX  0x0000000020000a50       0x1a lib/sbusdriver/libsbus.a(sbus.c.obj)
                0x0000000020000a50                bufferRX
 *fill*         0x0000000020000a6a        0x2 
 .bss.channels  0x0000000020000a6c       0x48 lib/sbusdriver/libsbus.a(sbus.c.obj)
                0x0000000020000a6c                channels
 .bss.chars_packet_length
                0x0000000020000ab4        0x4 lib/sbusdriver/libsbus.a(sbus.c.obj)
 .bss.claimed   0x0000000020000ab8        0x4 CMakeFiles/Picoflight.dir/usr/share/pico-sdk/src/rp2_common/hardware_sync/sync.c.obj
 .bss.configured_freq
                0x0000000020000abc       0x28 CMakeFiles/Picoflight.dir/usr/share/pico-sdk/src/rp2_common/hardware_clocks/clocks.c.obj
 .bss.default_alarm_pool_entry_ids_high
                0x0000000020000ae4       0x10 CMakeFiles/Picoflight.dir/usr/share/pico-sdk/src/common/pico_time/time.c.obj
 .bss.default_alarm_pool_heap_nodes
                0x0000000020000af4       0x30 CMakeFiles/Picoflight.dir/usr/share/pico-sdk/src/common/pico_time/time.c.obj
 .bss.desc_str.7070
                0x0000000020000b24       0x28 CMakeFiles/Picoflight.dir/usr/share/pico-sdk/src/rp2_common/pico_stdio_usb/stdio_usb_descriptors.c.obj
 .bss.drivers   0x0000000020000b4c        0x4 CMakeFiles/Picoflight.dir/usr/share/pico-sdk/src/rp2_common/pico_stdio/stdio.c.obj
 .bss.filter    0x0000000020000b50        0x4 CMakeFiles/Picoflight.dir/usr/share/pico-sdk/src/rp2_common/pico_stdio/stdio.c.obj
 .bss.hw_endpoints
                0x0000000020000b54      0x400 CMakeFiles/Picoflight.dir/usr/share/pico-sdk/lib/tinyusb/src/portable/raspberrypi/rp2040/dcd_rp2040.c.obj
 .bss.lazy_vsnprintf
                0x0000000020000f54        0x4 CMakeFiles/Picoflight.dir/usr/share/pico-sdk/src/rp2_common/pico_printf/printf.c.obj
 .bss.load_value
                0x0000000020000f58        0x4 CMakeFiles/Picoflight.dir/usr/share/pico-sdk/src/rp2_common/hardware_watchdog/watchdog.c.obj
 .bss.next_buffer_ptr
                0x0000000020000f5c        0x4 CMakeFiles/Picoflight.dir/usr/share/pico-sdk/lib/tinyusb/src/portable/raspberrypi/rp2040/dcd_rp2040.c.obj
 .bss.pools     0x0000000020000f60       0x10 CMakeFiles/Picoflight.dir/usr/share/pico-sdk/src/common/pico_time/time.c.obj
 .bss.retrieved_id
                0x0000000020000f70        0x8 CMakeFiles/Picoflight.dir/usr/share/pico-sdk/src/rp2_common/pico_unique_id/unique_id.c.obj
 .bss.sf_clz_func
                0x0000000020000f78        0x4 CMakeFiles/Picoflight.dir/usr/share/pico-sdk/src/rp2_common/pico_double/double_init_rom.c.obj
                0x0000000020000f78                sf_clz_func
 .bss.sleep_notifier
                0x0000000020000f7c        0x4 CMakeFiles/Picoflight.dir/usr/share/pico-sdk/src/common/pico_time/time.c.obj
 .bss.stdio_usb_mutex
                0x0000000020000f80        0x8 CMakeFiles/Picoflight.dir/usr/share/pico-sdk/src/rp2_common/pico_stdio_usb/stdio_usb.c.obj
 .bss.target_hi
                0x0000000020000f88       0x10 CMakeFiles/Picoflight.dir/usr/share/pico-sdk/src/rp2_common/hardware_timer/timer.c.obj
 .bss.usbd_serial_str
                0x0000000020000f98       0x11 CMakeFiles/Picoflight.dir/usr/share/pico-sdk/src/rp2_common/pico_stdio_usb/stdio_usb_descriptors.c.obj
 .bss._app_driver_count
                0x0000000020000fa9        0x1 CMakeFiles/Picoflight.dir/usr/share/pico-sdk/lib/tinyusb/src/device/usbd.c.obj
 .bss._usbd_initialized
                0x0000000020000faa        0x1 CMakeFiles/Picoflight.dir/usr/share/pico-sdk/lib/tinyusb/src/device/usbd.c.obj
 .bss.boot2_copyout_valid
                0x0000000020000fab        0x1 CMakeFiles/Picoflight.dir/usr/share/pico-sdk/src/rp2_common/hardware_flash/flash.c.obj
 .bss.chars_rxed
                0x0000000020000fac        0x1 lib/sbusdriver/libsbus.a(sbus.c.obj)
 .bss.claimed   0x0000000020000fad        0x1 CMakeFiles/Picoflight.dir/usr/share/pico-sdk/src/rp2_common/hardware_timer/timer.c.obj
 .bss.failsafe  0x0000000020000fae        0x1 lib/sbusdriver/libsbus.a(sbus.c.obj)
                0x0000000020000fae                failsafe
 .bss.irq_hander_chain_free_slot_head
                0x0000000020000faf        0x1 CMakeFiles/Picoflight.dir/usr/share/pico-sdk/src/rp2_common/hardware_irq/irq.c.obj
 .bss.itf_num   0x0000000020000fb0        0x1 CMakeFiles/Picoflight.dir/usr/share/pico-sdk/src/rp2_common/pico_stdio_usb/reset_interface.c.obj
 .bss.lost_frame
                0x0000000020000fb1        0x1 lib/sbusdriver/libsbus.a(sbus.c.obj)
                0x0000000020000fb1                lost_frame
 .bss.sync      0x0000000020000fb2        0x1 lib/sbusdriver/libsbus.a(sbus.c.obj)
                0x0000000020000fb2                sync
 .bss.timer_callbacks_pending
                0x0000000020000fb3        0x1 CMakeFiles/Picoflight.dir/usr/share/pico-sdk/src/rp2_common/hardware_timer/timer.c.obj
 *(COMMON)
 COMMON         0x0000000020000fb4        0x4 CMakeFiles/Picoflight.dir/usr/share/pico-sdk/src/rp2_common/hardware_uart/uart.c.obj
                0x0000000020000fb4                uart_char_to_line_feed
 COMMON         0x0000000020000fb8      0x100 CMakeFiles/Picoflight.dir/usr/share/pico-sdk/src/rp2_common/pico_double/double_init_rom.c.obj
                0x0000000020000fb8                sd_table
 COMMON         0x00000000200010b8      0x100 CMakeFiles/Picoflight.dir/usr/share/pico-sdk/src/rp2_common/pico_float/float_init_rom.c.obj
                0x00000000200010b8                sf_table
 COMMON         0x00000000200011b8       0xc0 CMakeFiles/Picoflight.dir/usr/share/pico-sdk/lib/tinyusb/src/device/usbd.c.obj
                0x00000000200011b8                _usbd_qdef_buf
                0x0000000020001278                . = ALIGN (0x4)
                0x0000000020001278                __bss_end__ = .

.heap           0x0000000020001278      0x800
                0x0000000020001278                __end__ = .
                0x0000000020001278                end = __end__
 *(.heap*)
 .heap          0x0000000020001278      0x800 CMakeFiles/Picoflight.dir/usr/share/pico-sdk/src/rp2_common/pico_standard_link/crt0.S.obj
                0x0000000020001a78                __HeapLimit = .

.stack1_dummy   0x0000000020040000        0x0
 *(.stack1*)

.stack_dummy    0x0000000020041000      0x800
 *(.stack*)
 .stack         0x0000000020041000      0x800 CMakeFiles/Picoflight.dir/usr/share/pico-sdk/src/rp2_common/pico_standard_link/crt0.S.obj

.flash_end      0x0000000010007cb8        0x0
                0x0000000010007cb8                __flash_binary_end = .
                0x0000000020040000                __StackLimit = (ORIGIN (RAM) + LENGTH (RAM))
                0x0000000020041000                __StackOneTop = (ORIGIN (SCRATCH_X) + LENGTH (SCRATCH_X))
                0x0000000020042000                __StackTop = (ORIGIN (SCRATCH_Y) + LENGTH (SCRATCH_Y))
                0x0000000020041000                __StackOneBottom = (__StackOneTop - SIZEOF (.stack1_dummy))
                0x0000000020041800                __StackBottom = (__StackTop - SIZEOF (.stack_dummy))
                0x0000000020042000                PROVIDE (__stack = __StackTop)
                0x0000000000000001                ASSERT ((__StackLimit >= __HeapLimit), region RAM overflowed)
                0x0000000000000001                ASSERT (((__binary_info_header_end - __logical_binary_start) <= 0x100), Binary info must be in first 256 bytes of the binary)
LOAD CMakeFiles/Picoflight.dir/src/main.c.obj
LOAD CMakeFiles/Picoflight.dir/usr/share/pico-sdk/src/rp2_common/pico_stdlib/stdlib.c.obj
LOAD CMakeFiles/Picoflight.dir/usr/share/pico-sdk/src/rp2_common/hardware_gpio/gpio.c.obj
LOAD CMakeFiles/Picoflight.dir/usr/share/pico-sdk/src/rp2_common/hardware_claim/claim.c.obj
LOAD CMakeFiles/Picoflight.dir/usr/share/pico-sdk/src/rp2_common/pico_platform/platform.c.obj
LOAD CMakeFiles/Picoflight.dir/usr/share/pico-sdk/src/rp2_common/hardware_sync/sync.c.obj
LOAD CMakeFiles/Picoflight.dir/usr/share/pico-sdk/src/rp2_common/hardware_uart/uart.c.obj
LOAD CMakeFiles/Picoflight.dir/usr/share/pico-sdk/src/rp2_common/hardware_divider/divider.S.obj
LOAD CMakeFiles/Picoflight.dir/usr/share/pico-sdk/src/common/pico_time/time.c.obj
LOAD CMakeFiles/Picoflight.dir/usr/share/pico-sdk/src/common/pico_time/timeout_helper.c.obj
LOAD CMakeFiles/Picoflight.dir/usr/share/pico-sdk/src/rp2_common/hardware_timer/timer.c.obj
LOAD CMakeFiles/Picoflight.dir/usr/share/pico-sdk/src/common/pico_sync/sem.c.obj
LOAD CMakeFiles/Picoflight.dir/usr/share/pico-sdk/src/common/pico_sync/lock_core.c.obj
LOAD CMakeFiles/Picoflight.dir/usr/share/pico-sdk/src/common/pico_sync/mutex.c.obj
LOAD CMakeFiles/Picoflight.dir/usr/share/pico-sdk/src/common/pico_sync/critical_section.c.obj
LOAD CMakeFiles/Picoflight.dir/usr/share/pico-sdk/src/common/pico_util/datetime.c.obj
LOAD CMakeFiles/Picoflight.dir/usr/share/pico-sdk/src/common/pico_util/pheap.c.obj
LOAD CMakeFiles/Picoflight.dir/usr/share/pico-sdk/src/common/pico_util/queue.c.obj
LOAD CMakeFiles/Picoflight.dir/usr/share/pico-sdk/src/rp2_common/pico_runtime/runtime.c.obj
LOAD CMakeFiles/Picoflight.dir/usr/share/pico-sdk/src/rp2_common/hardware_clocks/clocks.c.obj
LOAD CMakeFiles/Picoflight.dir/usr/share/pico-sdk/src/rp2_common/hardware_irq/irq.c.obj
LOAD CMakeFiles/Picoflight.dir/usr/share/pico-sdk/src/rp2_common/hardware_irq/irq_handler_chain.S.obj
LOAD CMakeFiles/Picoflight.dir/usr/share/pico-sdk/src/rp2_common/hardware_pll/pll.c.obj
LOAD CMakeFiles/Picoflight.dir/usr/share/pico-sdk/src/rp2_common/hardware_vreg/vreg.c.obj
LOAD CMakeFiles/Picoflight.dir/usr/share/pico-sdk/src/rp2_common/hardware_watchdog/watchdog.c.obj
LOAD CMakeFiles/Picoflight.dir/usr/share/pico-sdk/src/rp2_common/hardware_xosc/xosc.c.obj
LOAD CMakeFiles/Picoflight.dir/usr/share/pico-sdk/src/rp2_common/pico_printf/printf.c.obj
LOAD CMakeFiles/Picoflight.dir/usr/share/pico-sdk/src/rp2_common/pico_bit_ops/bit_ops_aeabi.S.obj
LOAD CMakeFiles/Picoflight.dir/usr/share/pico-sdk/src/rp2_common/pico_bootrom/bootrom.c.obj
LOAD CMakeFiles/Picoflight.dir/usr/share/pico-sdk/src/rp2_common/pico_divider/divider.S.obj
LOAD CMakeFiles/Picoflight.dir/usr/share/pico-sdk/src/rp2_common/pico_double/double_aeabi.S.obj
LOAD CMakeFiles/Picoflight.dir/usr/share/pico-sdk/src/rp2_common/pico_double/double_init_rom.c.obj
LOAD CMakeFiles/Picoflight.dir/usr/share/pico-sdk/src/rp2_common/pico_double/double_math.c.obj
LOAD CMakeFiles/Picoflight.dir/usr/share/pico-sdk/src/rp2_common/pico_double/double_v1_rom_shim.S.obj
LOAD CMakeFiles/Picoflight.dir/usr/share/pico-sdk/src/rp2_common/pico_int64_ops/pico_int64_ops_aeabi.S.obj
LOAD CMakeFiles/Picoflight.dir/usr/share/pico-sdk/src/rp2_common/pico_float/float_aeabi.S.obj
LOAD CMakeFiles/Picoflight.dir/usr/share/pico-sdk/src/rp2_common/pico_float/float_init_rom.c.obj
LOAD CMakeFiles/Picoflight.dir/usr/share/pico-sdk/src/rp2_common/pico_float/float_math.c.obj
LOAD CMakeFiles/Picoflight.dir/usr/share/pico-sdk/src/rp2_common/pico_float/float_v1_rom_shim.S.obj
LOAD CMakeFiles/Picoflight.dir/usr/share/pico-sdk/src/rp2_common/pico_malloc/pico_malloc.c.obj
LOAD CMakeFiles/Picoflight.dir/usr/share/pico-sdk/src/rp2_common/pico_mem_ops/mem_ops_aeabi.S.obj
LOAD CMakeFiles/Picoflight.dir/usr/share/pico-sdk/src/rp2_common/pico_standard_link/crt0.S.obj
LOAD CMakeFiles/Picoflight.dir/usr/share/pico-sdk/src/rp2_common/pico_standard_link/new_delete.cpp.obj
LOAD CMakeFiles/Picoflight.dir/usr/share/pico-sdk/src/rp2_common/pico_standard_link/binary_info.c.obj
LOAD CMakeFiles/Picoflight.dir/usr/share/pico-sdk/src/rp2_common/pico_stdio/stdio.c.obj
LOAD CMakeFiles/Picoflight.dir/usr/share/pico-sdk/src/rp2_common/pico_stdio_usb/reset_interface.c.obj
LOAD CMakeFiles/Picoflight.dir/usr/share/pico-sdk/src/rp2_common/pico_stdio_usb/stdio_usb.c.obj
LOAD CMakeFiles/Picoflight.dir/usr/share/pico-sdk/src/rp2_common/pico_stdio_usb/stdio_usb_descriptors.c.obj
LOAD CMakeFiles/Picoflight.dir/usr/share/pico-sdk/lib/tinyusb/src/portable/raspberrypi/rp2040/dcd_rp2040.c.obj
LOAD CMakeFiles/Picoflight.dir/usr/share/pico-sdk/lib/tinyusb/src/portable/raspberrypi/rp2040/rp2040_usb.c.obj
LOAD CMakeFiles/Picoflight.dir/usr/share/pico-sdk/lib/tinyusb/src/device/usbd.c.obj
LOAD CMakeFiles/Picoflight.dir/usr/share/pico-sdk/lib/tinyusb/src/device/usbd_control.c.obj
LOAD CMakeFiles/Picoflight.dir/usr/share/pico-sdk/lib/tinyusb/src/class/audio/audio_device.c.obj
LOAD CMakeFiles/Picoflight.dir/usr/share/pico-sdk/lib/tinyusb/src/class/cdc/cdc_device.c.obj
LOAD CMakeFiles/Picoflight.dir/usr/share/pico-sdk/lib/tinyusb/src/class/dfu/dfu_device.c.obj
LOAD CMakeFiles/Picoflight.dir/usr/share/pico-sdk/lib/tinyusb/src/class/dfu/dfu_rt_device.c.obj
LOAD CMakeFiles/Picoflight.dir/usr/share/pico-sdk/lib/tinyusb/src/class/hid/hid_device.c.obj
LOAD CMakeFiles/Picoflight.dir/usr/share/pico-sdk/lib/tinyusb/src/class/midi/midi_device.c.obj
LOAD CMakeFiles/Picoflight.dir/usr/share/pico-sdk/lib/tinyusb/src/class/msc/msc_device.c.obj
LOAD CMakeFiles/Picoflight.dir/usr/share/pico-sdk/lib/tinyusb/src/class/net/ecm_rndis_device.c.obj
LOAD CMakeFiles/Picoflight.dir/usr/share/pico-sdk/lib/tinyusb/src/class/net/ncm_device.c.obj
LOAD CMakeFiles/Picoflight.dir/usr/share/pico-sdk/lib/tinyusb/src/class/usbtmc/usbtmc_device.c.obj
LOAD CMakeFiles/Picoflight.dir/usr/share/pico-sdk/lib/tinyusb/src/class/vendor/vendor_device.c.obj
LOAD CMakeFiles/Picoflight.dir/usr/share/pico-sdk/lib/tinyusb/src/class/video/video_device.c.obj
LOAD CMakeFiles/Picoflight.dir/usr/share/pico-sdk/lib/tinyusb/src/tusb.c.obj
LOAD CMakeFiles/Picoflight.dir/usr/share/pico-sdk/lib/tinyusb/src/common/tusb_fifo.c.obj
LOAD CMakeFiles/Picoflight.dir/usr/share/pico-sdk/src/rp2_common/pico_fix/rp2040_usb_device_enumeration/rp2040_usb_device_enumeration.c.obj
LOAD CMakeFiles/Picoflight.dir/usr/share/pico-sdk/src/rp2_common/pico_unique_id/unique_id.c.obj
LOAD CMakeFiles/Picoflight.dir/usr/share/pico-sdk/src/rp2_common/hardware_flash/flash.c.obj
LOAD CMakeFiles/Picoflight.dir/usr/share/pico-sdk/src/rp2_common/pico_multicore/multicore.c.obj
LOAD CMakeFiles/Picoflight.dir/usr/share/pico-sdk/src/rp2_common/hardware_pio/pio.c.obj
LOAD lib/sbusdriver/libsbus.a
LOAD /tmp/cciJnpG1.o
LOAD /usr/bin/../lib/gcc/arm-none-eabi/9.3.1/../../../../arm-none-eabi/lib/thumb/v6-m/nofp/libstdc++.a
LOAD /usr/bin/../lib/gcc/arm-none-eabi/9.3.1/../../../../arm-none-eabi/lib/thumb/v6-m/nofp/libm.a
START GROUP
LOAD /usr/bin/../lib/gcc/arm-none-eabi/9.3.1/thumb/v6-m/nofp/libgcc.a
LOAD /usr/bin/../lib/gcc/arm-none-eabi/9.3.1/../../../../arm-none-eabi/lib/thumb/v6-m/nofp/libc.a
END GROUP
START GROUP
LOAD /usr/bin/../lib/gcc/arm-none-eabi/9.3.1/thumb/v6-m/nofp/libgcc.a
LOAD /usr/bin/../lib/gcc/arm-none-eabi/9.3.1/../../../../arm-none-eabi/lib/thumb/v6-m/nofp/libc.a
LOAD /usr/bin/../lib/gcc/arm-none-eabi/9.3.1/../../../../arm-none-eabi/lib/thumb/v6-m/nofp/libnosys.a
END GROUP
LOAD /usr/bin/../lib/gcc/arm-none-eabi/9.3.1/thumb/v6-m/nofp/crtend.o
LOAD /usr/bin/../lib/gcc/arm-none-eabi/9.3.1/thumb/v6-m/nofp/crtn.o
OUTPUT(Picoflight.elf elf32-littlearm)
LOAD linker stubs

.ARM.attributes
                0x0000000000000000       0x28
 .ARM.attributes
                0x0000000000000000       0x1e /usr/bin/../lib/gcc/arm-none-eabi/9.3.1/thumb/v6-m/nofp/crti.o
 .ARM.attributes
                0x000000000000001e       0x2c /usr/bin/../lib/gcc/arm-none-eabi/9.3.1/thumb/v6-m/nofp/crtbegin.o
 .ARM.attributes
                0x000000000000004a       0x2c CMakeFiles/Picoflight.dir/src/main.c.obj
 .ARM.attributes
                0x0000000000000076       0x2c CMakeFiles/Picoflight.dir/usr/share/pico-sdk/src/rp2_common/hardware_gpio/gpio.c.obj
 .ARM.attributes
                0x00000000000000a2       0x2c CMakeFiles/Picoflight.dir/usr/share/pico-sdk/src/rp2_common/hardware_claim/claim.c.obj
 .ARM.attributes
                0x00000000000000ce       0x2c CMakeFiles/Picoflight.dir/usr/share/pico-sdk/src/rp2_common/pico_platform/platform.c.obj
 .ARM.attributes
                0x00000000000000fa       0x2c CMakeFiles/Picoflight.dir/usr/share/pico-sdk/src/rp2_common/hardware_sync/sync.c.obj
 .ARM.attributes
                0x0000000000000126       0x2c CMakeFiles/Picoflight.dir/usr/share/pico-sdk/src/rp2_common/hardware_uart/uart.c.obj
 .ARM.attributes
                0x0000000000000152       0x2c CMakeFiles/Picoflight.dir/usr/share/pico-sdk/src/common/pico_time/time.c.obj
 .ARM.attributes
                0x000000000000017e       0x2c CMakeFiles/Picoflight.dir/usr/share/pico-sdk/src/rp2_common/hardware_timer/timer.c.obj
 .ARM.attributes
                0x00000000000001aa       0x2c CMakeFiles/Picoflight.dir/usr/share/pico-sdk/src/common/pico_sync/lock_core.c.obj
 .ARM.attributes
                0x00000000000001d6       0x2c CMakeFiles/Picoflight.dir/usr/share/pico-sdk/src/common/pico_sync/mutex.c.obj
 .ARM.attributes
                0x0000000000000202       0x2c CMakeFiles/Picoflight.dir/usr/share/pico-sdk/src/common/pico_sync/critical_section.c.obj
 .ARM.attributes
                0x000000000000022e       0x2c CMakeFiles/Picoflight.dir/usr/share/pico-sdk/src/common/pico_util/pheap.c.obj
 .ARM.attributes
                0x000000000000025a       0x2c CMakeFiles/Picoflight.dir/usr/share/pico-sdk/src/rp2_common/pico_runtime/runtime.c.obj
 .ARM.attributes
                0x0000000000000286       0x2c CMakeFiles/Picoflight.dir/usr/share/pico-sdk/src/rp2_common/hardware_clocks/clocks.c.obj
 .ARM.attributes
                0x00000000000002b2       0x2c CMakeFiles/Picoflight.dir/usr/share/pico-sdk/src/rp2_common/hardware_irq/irq.c.obj
 .ARM.attributes
                0x00000000000002de       0x22 CMakeFiles/Picoflight.dir/usr/share/pico-sdk/src/rp2_common/hardware_irq/irq_handler_chain.S.obj
 .ARM.attributes
                0x0000000000000300       0x2c CMakeFiles/Picoflight.dir/usr/share/pico-sdk/src/rp2_common/hardware_pll/pll.c.obj
 .ARM.attributes
                0x000000000000032c       0x2c CMakeFiles/Picoflight.dir/usr/share/pico-sdk/src/rp2_common/hardware_watchdog/watchdog.c.obj
 .ARM.attributes
                0x0000000000000358       0x2c CMakeFiles/Picoflight.dir/usr/share/pico-sdk/src/rp2_common/hardware_xosc/xosc.c.obj
 .ARM.attributes
                0x0000000000000384       0x2c CMakeFiles/Picoflight.dir/usr/share/pico-sdk/src/rp2_common/pico_printf/printf.c.obj
 .ARM.attributes
                0x00000000000003b0       0x22 CMakeFiles/Picoflight.dir/usr/share/pico-sdk/src/rp2_common/pico_bit_ops/bit_ops_aeabi.S.obj
 .ARM.attributes
                0x00000000000003d2       0x2c CMakeFiles/Picoflight.dir/usr/share/pico-sdk/src/rp2_common/pico_bootrom/bootrom.c.obj
 .ARM.attributes
                0x00000000000003fe       0x22 CMakeFiles/Picoflight.dir/usr/share/pico-sdk/src/rp2_common/pico_divider/divider.S.obj
 .ARM.attributes
                0x0000000000000420       0x22 CMakeFiles/Picoflight.dir/usr/share/pico-sdk/src/rp2_common/pico_double/double_aeabi.S.obj
 .ARM.attributes
                0x0000000000000442       0x2c CMakeFiles/Picoflight.dir/usr/share/pico-sdk/src/rp2_common/pico_double/double_init_rom.c.obj
 .ARM.attributes
                0x000000000000046e       0x22 CMakeFiles/Picoflight.dir/usr/share/pico-sdk/src/rp2_common/pico_double/double_v1_rom_shim.S.obj
 .ARM.attributes
                0x0000000000000490       0x22 CMakeFiles/Picoflight.dir/usr/share/pico-sdk/src/rp2_common/pico_int64_ops/pico_int64_ops_aeabi.S.obj
 .ARM.attributes
                0x00000000000004b2       0x22 CMakeFiles/Picoflight.dir/usr/share/pico-sdk/src/rp2_common/pico_float/float_aeabi.S.obj
 .ARM.attributes
                0x00000000000004d4       0x2c CMakeFiles/Picoflight.dir/usr/share/pico-sdk/src/rp2_common/pico_float/float_init_rom.c.obj
 .ARM.attributes
                0x0000000000000500       0x22 CMakeFiles/Picoflight.dir/usr/share/pico-sdk/src/rp2_common/pico_float/float_v1_rom_shim.S.obj
 .ARM.attributes
                0x0000000000000522       0x2c CMakeFiles/Picoflight.dir/usr/share/pico-sdk/src/rp2_common/pico_malloc/pico_malloc.c.obj
 .ARM.attributes
                0x000000000000054e       0x22 CMakeFiles/Picoflight.dir/usr/share/pico-sdk/src/rp2_common/pico_mem_ops/mem_ops_aeabi.S.obj
 .ARM.attributes
                0x0000000000000570       0x22 CMakeFiles/Picoflight.dir/usr/share/pico-sdk/src/rp2_common/pico_standard_link/crt0.S.obj
 .ARM.attributes
                0x0000000000000592       0x32 CMakeFiles/Picoflight.dir/usr/share/pico-sdk/src/rp2_common/pico_standard_link/binary_info.c.obj
 .ARM.attributes
                0x00000000000005c4       0x2c CMakeFiles/Picoflight.dir/usr/share/pico-sdk/src/rp2_common/pico_stdio/stdio.c.obj
 .ARM.attributes
                0x00000000000005f0       0x2c CMakeFiles/Picoflight.dir/usr/share/pico-sdk/src/rp2_common/pico_stdio_usb/reset_interface.c.obj
 .ARM.attributes
                0x000000000000061c       0x2c CMakeFiles/Picoflight.dir/usr/share/pico-sdk/src/rp2_common/pico_stdio_usb/stdio_usb.c.obj
 .ARM.attributes
                0x0000000000000648       0x2c CMakeFiles/Picoflight.dir/usr/share/pico-sdk/src/rp2_common/pico_stdio_usb/stdio_usb_descriptors.c.obj
 .ARM.attributes
                0x0000000000000674       0x2c CMakeFiles/Picoflight.dir/usr/share/pico-sdk/lib/tinyusb/src/portable/raspberrypi/rp2040/dcd_rp2040.c.obj
 .ARM.attributes
                0x00000000000006a0       0x2c CMakeFiles/Picoflight.dir/usr/share/pico-sdk/lib/tinyusb/src/portable/raspberrypi/rp2040/rp2040_usb.c.obj
 .ARM.attributes
                0x00000000000006cc       0x2c CMakeFiles/Picoflight.dir/usr/share/pico-sdk/lib/tinyusb/src/device/usbd.c.obj
 .ARM.attributes
                0x00000000000006f8       0x2c CMakeFiles/Picoflight.dir/usr/share/pico-sdk/lib/tinyusb/src/device/usbd_control.c.obj
 .ARM.attributes
                0x0000000000000724       0x2c CMakeFiles/Picoflight.dir/usr/share/pico-sdk/lib/tinyusb/src/class/cdc/cdc_device.c.obj
 .ARM.attributes
                0x0000000000000750       0x2c CMakeFiles/Picoflight.dir/usr/share/pico-sdk/lib/tinyusb/src/tusb.c.obj
 .ARM.attributes
                0x000000000000077c       0x2c CMakeFiles/Picoflight.dir/usr/share/pico-sdk/lib/tinyusb/src/common/tusb_fifo.c.obj
 .ARM.attributes
                0x00000000000007a8       0x2c CMakeFiles/Picoflight.dir/usr/share/pico-sdk/src/rp2_common/pico_unique_id/unique_id.c.obj
 .ARM.attributes
                0x00000000000007d4       0x2c CMakeFiles/Picoflight.dir/usr/share/pico-sdk/src/rp2_common/hardware_flash/flash.c.obj
 .ARM.attributes
                0x0000000000000800       0x2c lib/sbusdriver/libsbus.a(sbus.c.obj)
 .ARM.attributes
                0x000000000000082c       0x22 /tmp/cciJnpG1.o
 .ARM.attributes
                0x000000000000084e       0x1e /usr/bin/../lib/gcc/arm-none-eabi/9.3.1/thumb/v6-m/nofp/libgcc.a(_dvmd_tls.o)
 .ARM.attributes
                0x000000000000086c       0x2c /usr/bin/../lib/gcc/arm-none-eabi/9.3.1/../../../../arm-none-eabi/lib/thumb/v6-m/nofp/libc.a(lib_a-strlen-stub.o)

.comment        0x0000000000000000       0x4c
 .comment       0x0000000000000000       0x4c CMakeFiles/Picoflight.dir/src/main.c.obj
                                         0x4d (size before relaxing)
 .comment       0x000000000000004c       0x4d CMakeFiles/Picoflight.dir/usr/share/pico-sdk/src/rp2_common/hardware_gpio/gpio.c.obj
 .comment       0x000000000000004c       0x4d CMakeFiles/Picoflight.dir/usr/share/pico-sdk/src/rp2_common/hardware_claim/claim.c.obj
 .comment       0x000000000000004c       0x4d CMakeFiles/Picoflight.dir/usr/share/pico-sdk/src/rp2_common/pico_platform/platform.c.obj
 .comment       0x000000000000004c       0x4d CMakeFiles/Picoflight.dir/usr/share/pico-sdk/src/rp2_common/hardware_sync/sync.c.obj
 .comment       0x000000000000004c       0x4d CMakeFiles/Picoflight.dir/usr/share/pico-sdk/src/rp2_common/hardware_uart/uart.c.obj
 .comment       0x000000000000004c       0x4d CMakeFiles/Picoflight.dir/usr/share/pico-sdk/src/common/pico_time/time.c.obj
 .comment       0x000000000000004c       0x4d CMakeFiles/Picoflight.dir/usr/share/pico-sdk/src/rp2_common/hardware_timer/timer.c.obj
 .comment       0x000000000000004c       0x4d CMakeFiles/Picoflight.dir/usr/share/pico-sdk/src/common/pico_sync/lock_core.c.obj
 .comment       0x000000000000004c       0x4d CMakeFiles/Picoflight.dir/usr/share/pico-sdk/src/common/pico_sync/mutex.c.obj
 .comment       0x000000000000004c       0x4d CMakeFiles/Picoflight.dir/usr/share/pico-sdk/src/common/pico_sync/critical_section.c.obj
 .comment       0x000000000000004c       0x4d CMakeFiles/Picoflight.dir/usr/share/pico-sdk/src/common/pico_util/pheap.c.obj
 .comment       0x000000000000004c       0x4d CMakeFiles/Picoflight.dir/usr/share/pico-sdk/src/rp2_common/pico_runtime/runtime.c.obj
 .comment       0x000000000000004c       0x4d CMakeFiles/Picoflight.dir/usr/share/pico-sdk/src/rp2_common/hardware_clocks/clocks.c.obj
 .comment       0x000000000000004c       0x4d CMakeFiles/Picoflight.dir/usr/share/pico-sdk/src/rp2_common/hardware_irq/irq.c.obj
 .comment       0x000000000000004c       0x4d CMakeFiles/Picoflight.dir/usr/share/pico-sdk/src/rp2_common/hardware_pll/pll.c.obj
 .comment       0x000000000000004c       0x4d CMakeFiles/Picoflight.dir/usr/share/pico-sdk/src/rp2_common/hardware_watchdog/watchdog.c.obj
 .comment       0x000000000000004c       0x4d CMakeFiles/Picoflight.dir/usr/share/pico-sdk/src/rp2_common/hardware_xosc/xosc.c.obj
 .comment       0x000000000000004c       0x4d CMakeFiles/Picoflight.dir/usr/share/pico-sdk/src/rp2_common/pico_printf/printf.c.obj
 .comment       0x000000000000004c       0x4d CMakeFiles/Picoflight.dir/usr/share/pico-sdk/src/rp2_common/pico_bootrom/bootrom.c.obj
 .comment       0x000000000000004c       0x4d CMakeFiles/Picoflight.dir/usr/share/pico-sdk/src/rp2_common/pico_double/double_init_rom.c.obj
 .comment       0x000000000000004c       0x4d CMakeFiles/Picoflight.dir/usr/share/pico-sdk/src/rp2_common/pico_float/float_init_rom.c.obj
 .comment       0x000000000000004c       0x4d CMakeFiles/Picoflight.dir/usr/share/pico-sdk/src/rp2_common/pico_malloc/pico_malloc.c.obj
 .comment       0x000000000000004c       0x4d CMakeFiles/Picoflight.dir/usr/share/pico-sdk/src/rp2_common/pico_standard_link/binary_info.c.obj
 .comment       0x000000000000004c       0x4d CMakeFiles/Picoflight.dir/usr/share/pico-sdk/src/rp2_common/pico_stdio/stdio.c.obj
 .comment       0x000000000000004c       0x4d CMakeFiles/Picoflight.dir/usr/share/pico-sdk/src/rp2_common/pico_stdio_usb/reset_interface.c.obj
 .comment       0x000000000000004c       0x4d CMakeFiles/Picoflight.dir/usr/share/pico-sdk/src/rp2_common/pico_stdio_usb/stdio_usb.c.obj
 .comment       0x000000000000004c       0x4d CMakeFiles/Picoflight.dir/usr/share/pico-sdk/src/rp2_common/pico_stdio_usb/stdio_usb_descriptors.c.obj
 .comment       0x000000000000004c       0x4d CMakeFiles/Picoflight.dir/usr/share/pico-sdk/lib/tinyusb/src/portable/raspberrypi/rp2040/dcd_rp2040.c.obj